BL51 BANKED LINKER/LOCATER V6.22.4.0                                                    12/30/2025  16:01:50  PAGE 1


BL51 BANKED LINKER/LOCATER V6.22.4.0, INVOKED BY:
D:\KEIL\C51\BIN\BL51.EXE .\Objects\main.obj, .\Objects\app_key_task.obj, .\Objects\app_user_uart_task.obj, .\Objects\app
>> _bluetooth_task.obj, .\Objects\app_bat_task.obj, .\Objects\app_track_task.obj, .\Objects\Conf_tny.obj, .\os\RTX51TNY.
>> LIB, .\Objects\UART_Isr.obj, .\Objects\Delay.obj, .\Objects\GPIO.obj, .\Objects\NVIC.obj, .\Objects\STC8H_PWM.obj, .\
>> Objects\STC8H_PWM_Isr.obj, .\Objects\UART.obj, .\Objects\ADC.obj, .\Objects\ADC_Isr.obj, .\Objects\motor.obj, .\Objec
>> ts\bluetooth.obj, .\Objects\bat.obj, .\Objects\track.obj, .\Objects\Ultrasonic.obj, .\Objects\user_uart.obj, .\Object
>> s\buzzer.obj, .\Objects\key.obj, .\Objects\led.obj TO .\Objects\project RTX51TINY PRINT (.\Listings\project.m51) RAMS
>> IZE (256) DISABLEWARNING (16, 15)


MEMORY MODEL: LARGE WITH FLOATING POINT ARITHMETIC


INPUT MODULES INCLUDED:
  .\Objects\main.obj (MAIN)
  .\Objects\app_key_task.obj (APP_KEY_TASK)
  .\Objects\app_user_uart_task.obj (APP_USER_UART_TASK)
  .\Objects\app_bluetooth_task.obj (APP_BLUETOOTH_TASK)
  .\Objects\app_bat_task.obj (APP_BAT_TASK)
  .\Objects\app_track_task.obj (APP_TRACK_TASK)
  .\Objects\Conf_tny.obj (?RTX51_TINY_KERNAL)
  .\os\RTX51TNY.LIB (?RTX51_TINY_OS_CREATE)
  .\os\RTX51TNY.LIB (?RTX51_TINY_OS_DELETE)
  .\os\RTX51TNY.LIB (?RTX51_TINY_OS_SEND_SIGNAL)
  .\os\RTX51TNY.LIB (?RTX51_TINY_OS_WAIT)
  .\Objects\UART_Isr.obj (UART_ISR)
  .\Objects\Delay.obj (DELAY)
  .\Objects\GPIO.obj (GPIO)
  .\Objects\NVIC.obj (NVIC)
  .\Objects\STC8H_PWM.obj (STC8H_PWM)
  .\Objects\STC8H_PWM_Isr.obj (STC8H_PWM_ISR)
  .\Objects\UART.obj (UART)
  .\Objects\ADC.obj (ADC)
  .\Objects\ADC_Isr.obj (ADC_ISR)
  .\Objects\motor.obj (MOTOR)
  .\Objects\bluetooth.obj (BLUETOOTH)
  .\Objects\bat.obj (BAT)
  .\Objects\track.obj (TRACK)
  .\Objects\Ultrasonic.obj (ULTRASONIC)
  .\Objects\user_uart.obj (USER_UART)
  .\Objects\buzzer.obj (BUZZER)
  .\Objects\key.obj (KEY)
  .\Objects\led.obj (LED)
  D:\KEIL\C51\LIB\C51FPL.LIB (?C?FPADD)
  D:\KEIL\C51\LIB\C51FPL.LIB (?C?FPMUL)
  D:\KEIL\C51\LIB\C51FPL.LIB (?C?FPDIV)
  D:\KEIL\C51\LIB\C51FPL.LIB (?C?FPCMP)
  D:\KEIL\C51\LIB\C51FPL.LIB (?C?FPNEG)
  D:\KEIL\C51\LIB\C51FPL.LIB (?C?FCAST)
  D:\KEIL\C51\LIB\C51FPL.LIB (?C?CASTF)
  D:\KEIL\C51\LIB\C51FPL.LIB (PRINTF)
  D:\KEIL\C51\LIB\C51FPL.LIB (?C?FPGETOPN)
  D:\KEIL\C51\LIB\C51FPL.LIB (?C?FPROUND)
  D:\KEIL\C51\LIB\C51FPL.LIB (?C?FPCONVERT)
  D:\KEIL\C51\LIB\C51FPL.LIB (?C?FTNPWR)
  D:\KEIL\C51\LIB\C51L.LIB (?C_STARTUP)
  D:\KEIL\C51\LIB\C51L.LIB (?C?CLDPTR)
  D:\KEIL\C51\LIB\C51L.LIB (?C?CLDOPTR)
BL51 BANKED LINKER/LOCATER V6.22.4.0                                                  12/30/2025  16:01:50  PAGE 2


  D:\KEIL\C51\LIB\C51L.LIB (?C?CSTPTR)
  D:\KEIL\C51\LIB\C51L.LIB (?C?UIDIV)
  D:\KEIL\C51\LIB\C51L.LIB (?C?SIDIV)
  D:\KEIL\C51\LIB\C51L.LIB (?C?ILDPTR)
  D:\KEIL\C51\LIB\C51L.LIB (?C?ILDOPTR)
  D:\KEIL\C51\LIB\C51L.LIB (?C?LMUL)
  D:\KEIL\C51\LIB\C51L.LIB (?C?ULDIV)
  D:\KEIL\C51\LIB\C51L.LIB (?C?SLDIV)
  D:\KEIL\C51\LIB\C51L.LIB (?C?LNEG)
  D:\KEIL\C51\LIB\C51L.LIB (?C?ULCMP)
  D:\KEIL\C51\LIB\C51L.LIB (?C?ULSHR)
  D:\KEIL\C51\LIB\C51L.LIB (?C?LLDOPTR0)
  D:\KEIL\C51\LIB\C51L.LIB (?C?LSTXDATA)
  D:\KEIL\C51\LIB\C51L.LIB (?C?LSTKXDATA)
  D:\KEIL\C51\LIB\C51L.LIB (?C?PLDIXDATA)
  D:\KEIL\C51\LIB\C51L.LIB (?C?PSTXDATA)
  D:\KEIL\C51\LIB\C51L.LIB (?C?CCASE)
  D:\KEIL\C51\LIB\C51L.LIB (?C_INIT)
  D:\KEIL\C51\LIB\C51L.LIB (?C?LLDIDATA0)
  D:\KEIL\C51\LIB\C51L.LIB (?C?LLDXDATA0)
  D:\KEIL\C51\LIB\C51L.LIB (?C?LLDPDATA0)
  D:\KEIL\C51\LIB\C51L.LIB (?C?LLDCODE0)


TASK TABLE OF MODULE:  .\Objects\project (MAIN)

TASKID   PRIORITY   REG-BANK   SEGMENT NAME
-------------------------------------------
0        0          0          ?PR?MAIN_START?MAIN
1        0          0          ?PR?KEY_TASK?APP_KEY_TASK
3        0          0          ?PR?TRACK_TASK?APP_TRACK_TASK
4        0          0          ?PR?BAT_TASK?APP_BAT_TASK
5        0          0          ?PR?BLUETOOTH_TASK?APP_BLUETOOTH_TASK
6        0          0          ?PR?USER_UART_TASK?APP_USER_UART_TASK



LINK MAP OF MODULE:  .\Objects\project (MAIN)


            TYPE    BASE      LENGTH    RELOCATION   SEGMENT NAME
            -----------------------------------------------------

            * * * * * * *   D A T A   M E M O R Y   * * * * * * *
            REG     0000H     0008H     ABSOLUTE     "REG BANK 0"
            DATA    0008H     0006H     ABSOLUTE     
            DATA    000EH     0001H     UNIT         ?DT?DELAY10US?ULTRASONIC
            IDATA   000FH     000EH     UNIT         ?RTX?TASKSTATE?S
                    001DH     0003H                  *** GAP ***
            BIT     0020H.0   0005H.5   UNIT         _BIT_GROUP_
            BIT     0025H.5   0000H.1   UNIT         ?RTX?BITS
                    0025H.6   0000H.2                *** GAP ***
            DATA    0026H     0019H     UNIT         _DATA_GROUP_
            IDATA   003FH     0007H     UNIT         ?RTX?TASKSP?S
            IDATA   0046H     0001H     UNIT         ?STACK

            * * * * * * *  X D A T A   M E M O R Y  * * * * * * *
BL51 BANKED LINKER/LOCATER V6.22.4.0                                                  12/30/2025  16:01:50  PAGE 3


            XDATA   0000H     02D4H     UNIT         ?XD?UART
            XDATA   02D4H     015EH     UNIT         _XDATA_GROUP_
            XDATA   0432H     0006H     UNIT         ?XD?ULTRASONIC_GET?ULTRASONIC
            XDATA   0438H     0004H     UNIT         ?XD?_MOTOR_TURN_LEFT?MOTOR
            XDATA   043CH     0004H     UNIT         ?XD?_MOTOR_TURN_RIGHT?MOTOR
            XDATA   0440H     0004H     UNIT         ?XD?_MOTOR_ROUND?MOTOR
            XDATA   0444H     0004H     UNIT         ?XD?BAT
            XDATA   0448H     0003H     UNIT         ?XD?BLUETOOTH
            XDATA   044BH     0001H     UNIT         ?XD?APP_BAT_TASK
            XDATA   044CH     0001H     UNIT         ?XD?KEY

            * * * * * * *   C O D E   M E M O R Y   * * * * * * *
            CODE    0000H     0003H     ABSOLUTE     
            CODE    0003H     0008H     UNIT         ?CO?ULTRASONIC
            CODE    000BH     0003H     ABSOLUTE     
            CODE    000EH     0015H     UNIT         ?PR?MOTOR_FRONT_GPIO_INIT?MOTOR
            CODE    0023H     0003H     ABSOLUTE     
            CODE    0026H     0005H     UNIT         ?PR?_PUTCHAR?UART
            CODE    002BH     0003H     ABSOLUTE     
            CODE    002EH     0015H     UNIT         ?PR?MOTOR_BACK_GPIO_INIT?MOTOR
            CODE    0043H     0003H     ABSOLUTE     
            CODE    0046H     0044H     UNIT         ?C?LDIV
                    008AH     0001H                  *** GAP ***
            CODE    008BH     0003H     ABSOLUTE     
            CODE    008EH     0005H     UNIT         ?PR?BUZZER_START?BUZZER
            CODE    0093H     0003H     ABSOLUTE     
            CODE    0096H     0917H     UNIT         ?C?LIB_CODE
            CODE    09ADH     0653H     UNIT         ?PR?_UART_CONFIGURATION?UART
            CODE    1000H     0483H     UNIT         ?PR?PRINTF?PRINTF
            CODE    1483H     0412H     UNIT         ?PR?_PWM_CONFIGURATION?STC8H_PWM
            CODE    1895H     030AH     UNIT         ?RTX?CODE
            CODE    1B9FH     0254H     UNIT         ?PR?_GPIO_INILIZE?GPIO
            CODE    1DF3H     014DH     UNIT         ?PR?_UPDATEPWM?STC8H_PWM
            CODE    1F40H     0141H     UNIT         ?PR?_MOTOR_FL_PWM_INIT?MOTOR
            CODE    2081H     012AH     UNIT         ?PR?_DATA_TACKLE?BLUETOOTH
            CODE    21ABH     010EH     UNIT         ?PR?_MOTOR_BL_PWM_INIT?MOTOR
            CODE    22B9H     010EH     UNIT         ?PR?_MOTOR_BR_PWM_INIT?MOTOR
            CODE    23C7H     010CH     UNIT         ?PR?_MOTOR_FR_PWM_INIT?MOTOR
            CODE    24D3H     00C5H     UNIT         ?PR?TRACK_SCAN?TRACK
            CODE    2598H     00BFH     UNIT         ?PR?TRACK_TASK?APP_TRACK_TASK
            CODE    2657H     008CH     UNIT         ?C_C51STARTUP
            CODE    26E3H     0084H     UNIT         ?PR?_MOTORS_MOVE?MOTOR
            CODE    2767H     007FH     UNIT         ?PR?_NVIC_PWM_INIT?NVIC
            CODE    27E6H     0079H     UNIT         ?PR?ULTRASONIC_GET?ULTRASONIC
            CODE    285FH     0078H     UNIT         ?PR?_GET_ADCRESULT?ADC
            CODE    28D7H     0078H     UNIT         ?PR?_CLIP_SPEED?MOTOR
            CODE    294FH     0068H     UNIT         ?PR?BAT_TASK?APP_BAT_TASK
            CODE    29B7H     005DH     UNIT         ?PR?_NVIC_I2C_INIT?NVIC
            CODE    2A14H     0055H     UNIT         ?PR?_ADC_INILIZE?ADC
            CODE    2A69H     0055H     UNIT         ?PR?BLUETOOTH_RECEIVE?BLUETOOTH
            CODE    2ABEH     0053H     UNIT         ?PR?_MOTOR_RUN?MOTOR
            CODE    2B11H     0052H     UNIT         ?PR?UART2_ISR_HANDLER?UART_ISR
            CODE    2B63H     0052H     UNIT         ?PR?UART3_ISR_HANDLER?UART_ISR
            CODE    2BB5H     0052H     UNIT         ?PR?UART4_ISR_HANDLER?UART_ISR
            CODE    2C07H     004FH     UNIT         ?PR?_MOTOR_TURN_LEFT?MOTOR
            CODE    2C56H     004FH     UNIT         ?PR?_MOTOR_TURN_RIGHT?MOTOR
            CODE    2CA5H     004CH     UNIT         ?PR?UART1_ISR_HANDLER?UART_ISR
BL51 BANKED LINKER/LOCATER V6.22.4.0                                                  12/30/2025  16:01:50  PAGE 4


            CODE    2CF1H     004BH     UNIT         ?PR?_NVIC_CMP_INIT?NVIC
            CODE    2D3CH     004AH     UNIT         ?PR?_NVIC_UART3_INIT?NVIC
            CODE    2D86H     0048H     UNIT         ?PR?_NVIC_UART4_INIT?NVIC
            CODE    2DCEH     0047H     UNIT         ?PR?_NVIC_SPI_INIT?NVIC
            CODE    2E15H     0043H     UNIT         ?PR?_NVIC_UART2_INIT?NVIC
            CODE    2E58H     0041H     UNIT         ?PR?_NVIC_TIMER0_INIT?NVIC
            CODE    2E99H     0041H     UNIT         ?PR?_NVIC_TIMER1_INIT?NVIC
            CODE    2EDAH     0041H     UNIT         ?PR?_NVIC_INT0_INIT?NVIC
            CODE    2F1BH     0041H     UNIT         ?PR?_NVIC_INT1_INIT?NVIC
            CODE    2F5CH     0041H     UNIT         ?PR?_NVIC_ADC_INIT?NVIC
            CODE    2F9DH     0041H     UNIT         ?PR?_NVIC_UART1_INIT?NVIC
            CODE    2FDEH     003EH     UNIT         ?PR?_MOTOR_ROUND?MOTOR
            CODE    301CH     003EH     UNIT         ?PR?BUZZER_PWM_INIT?BUZZER
            CODE    305AH     003AH     UNIT         ?PR?_NVIC_RTC_INIT?NVIC
            CODE    3094H     0036H     UNIT         ?PR?_MOTOR_SET?MOTOR
            CODE    30CAH     0033H     UNIT         ?PR?BLUETOOTH_UART_INIT?BLUETOOTH
            CODE    30FDH     0033H     UNIT         ?PR?USER_UART_INIT?USER_UART
            CODE    3130H     002EH     UNIT         ?PR?_MOTOR_PWMA_INIT?MOTOR
            CODE    315EH     0029H     UNIT         ?CO?MOTOR
            CODE    3187H     0029H     UNIT         ?PR?_UPDATA_BUZZER?BUZZER
            CODE    31B0H     0028H     UNIT         ?PR?USER_UART_TASK?APP_USER_UART_TASK
            CODE    31D8H     0027H     UNIT         ?PR?GET_BAT_V?BAT
            CODE    31FFH     0027H     UNIT         ?PR?LED_INIT?LED
            CODE    3226H     0026H     UNIT         ?PR?KEY_UP?MAIN
            CODE    324CH     0026H     UNIT         ?PR?GPIO_ULTRASONIC_INIT?ULTRASONIC
            CODE    3272H     0023H     UNIT         ?PR?SYSTEM_INIT?MAIN
            CODE    3295H     0023H     UNIT         ?PR?_NVIC_TIMER4_INIT?NVIC
            CODE    32B8H     0023H     UNIT         ?CO?BLUETOOTH
            CODE    32DBH     0022H     UNIT         ?PR?_NVIC_TIMER2_INIT?NVIC
            CODE    32FDH     0022H     UNIT         ?PR?_NVIC_TIMER3_INIT?NVIC
            CODE    331FH     0021H     UNIT         ?PR?KEY_DOWN?MAIN
            CODE    3340H     001FH     UNIT         ?PR?BAT_ADC_INIT?BAT
            CODE    335FH     001EH     UNIT         ?PR?KEY_SCAN?KEY
            CODE    337DH     001CH     UNIT         ?PR?MAIN_START?MAIN
            CODE    3399H     001AH     UNIT         ?PR?_NVIC_INT4_INIT?NVIC
            CODE    33B3H     001AH     UNIT         ?PR?LED_BLINK?LED
            CODE    33CDH     0019H     UNIT         ?PR?_NVIC_INT3_INIT?NVIC
            CODE    33E6H     0018H     UNIT         ?PR?_NVIC_INT2_INIT?NVIC
            CODE    33FEH     0018H     UNIT         ?CO?TRACK
            CODE    3416H     0017H     UNIT         ?PR?USER_UART_RECEIVE?APP_USER_UART_TASK
            CODE    342DH     0015H     UNIT         ?PR?MOTOR_STOP?MOTOR
            CODE    3442H     0015H     UNIT         ?PR?BAT_GPIO_INIT?BAT
            CODE    3457H     0015H     UNIT         ?PR?BUZZER_INIT?BUZZER
            CODE    346CH     0014H     UNIT         ?PR?BLUETOOTH_GPIO_INIT?BLUETOOTH
            CODE    3480H     0014H     UNIT         ?PR?TRACK_GPIO_INIT?TRACK
            CODE    3494H     0014H     UNIT         ?PR?KEY_INIT?KEY
            CODE    34A8H     0013H     UNIT         ?PR?_PRINTSTRING1?UART
            CODE    34BBH     0013H     UNIT         ?PR?_PRINTSTRING2?UART
            CODE    34CEH     0013H     UNIT         ?PR?_PRINTSTRING3?UART
            CODE    34E1H     0013H     UNIT         ?PR?_PRINTSTRING4?UART
            CODE    34F4H     0013H     UNIT         ?PR?UART_GPIO_INIT?USER_UART
            CODE    3507H     0011H     UNIT         ?C_INITSEG
            CODE    3518H     0010H     UNIT         ?CO?MAIN
            CODE    3528H     0010H     UNIT         ?PR?_DELAY_MS?DELAY
            CODE    3538H     000FH     UNIT         ?PR?_TX1_WRITE2BUFF?UART
            CODE    3547H     000FH     UNIT         ?PR?_TX2_WRITE2BUFF?UART
            CODE    3556H     000FH     UNIT         ?PR?_TX3_WRITE2BUFF?UART
BL51 BANKED LINKER/LOCATER V6.22.4.0                                                  12/30/2025  16:01:50  PAGE 5


            CODE    3565H     000FH     UNIT         ?PR?_TX4_WRITE2BUFF?UART
            CODE    3574H     000EH     UNIT         ?RTX?TASKENT?S
            CODE    3582H     000CH     UNIT         ?PR?KEY_TASK?APP_KEY_TASK
            CODE    358EH     000CH     UNIT         ?PR?BLUETOOTH_TASK?APP_BLUETOOTH_TASK
            CODE    359AH     000CH     UNIT         ?CO?APP_BAT_TASK
            CODE    35A6H     000CH     UNIT         ?PR?_ADC_POWERCONTROL?ADC
            CODE    35B2H     000BH     UNIT         ?PR?MOTOR_ALL_INIT?MOTOR
            CODE    35BDH     0007H     UNIT         ?PR?DELAY10US?ULTRASONIC
            CODE    35C4H     0006H     UNIT         ?PR?BLUETOOTH_INIT?BLUETOOTH
            CODE    35CAH     0006H     UNIT         ?PR?BAT_ALL_INIT?BAT
            CODE    35D0H     0006H     UNIT         ?PR?USER_UART_ALL_INIT?USER_UART
            CODE    35D6H     0005H     UNIT         ?PR?BUZZER_STOP?BUZZER
            CODE    35DBH     0005H     UNIT         ?PR?LED_ON?LED
            CODE    35E0H     0005H     UNIT         ?PR?LED_OFF?LED
            CODE    35E5H     0004H     UNIT         ?CO?APP_USER_UART_TASK
            CODE    35E9H     0004H     UNIT         ?PR?ADC_ISR_HANDLER?ADC_ISR



OVERLAY MAP OF MODULE:   .\Objects\project (MAIN)


SEGMENT                                             BIT_GROUP          DATA_GROUP          XDATA_GROUP
  +--> CALLED SEGMENT                            START    LENGTH     START    LENGTH     START    LENGTH
--------------------------------------------------------------------------------------------------------
?PR?MAIN_START?MAIN                              -----    -----      -----    -----      -----    -----
  +--> ?PR?SYSTEM_INIT?MAIN

?PR?SYSTEM_INIT?MAIN                             -----    -----      -----    -----      -----    -----
  +--> ?PR?LED_INIT?LED
  +--> ?PR?KEY_INIT?KEY
  +--> ?PR?USER_UART_ALL_INIT?USER_UART
  +--> ?PR?BLUETOOTH_INIT?BLUETOOTH
  +--> ?PR?BAT_ALL_INIT?BAT
  +--> ?PR?TRACK_GPIO_INIT?TRACK
  +--> ?PR?GPIO_ULTRASONIC_INIT?ULTRASONIC
  +--> ?PR?MOTOR_ALL_INIT?MOTOR
  +--> ?PR?BUZZER_INIT?BUZZER
  +--> ?PR?BUZZER_PWM_INIT?BUZZER

?PR?LED_INIT?LED                                 -----    -----      -----    -----      02D4H    0004H
  +--> ?PR?_GPIO_INILIZE?GPIO

?PR?KEY_INIT?KEY                                 -----    -----      -----    -----      02D4H    0002H
  +--> ?PR?_GPIO_INILIZE?GPIO

?PR?USER_UART_ALL_INIT?USER_UART                 -----    -----      -----    -----      -----    -----
  +--> ?PR?UART_GPIO_INIT?USER_UART
  +--> ?PR?USER_UART_INIT?USER_UART

?PR?UART_GPIO_INIT?USER_UART                     -----    -----      -----    -----      02D4H    0002H
  +--> ?PR?_GPIO_INILIZE?GPIO

?PR?USER_UART_INIT?USER_UART                     -----    -----      -----    -----      02D4H    0009H
  +--> ?PR?_UART_CONFIGURATION?UART
  +--> ?PR?_NVIC_UART1_INIT?NVIC

BL51 BANKED LINKER/LOCATER V6.22.4.0                                                  12/30/2025  16:01:50  PAGE 6


?PR?_UART_CONFIGURATION?UART                     -----    -----      -----    -----      02DDH    000AH

?PR?BLUETOOTH_INIT?BLUETOOTH                     -----    -----      -----    -----      -----    -----
  +--> ?PR?BLUETOOTH_GPIO_INIT?BLUETOOTH
  +--> ?PR?BLUETOOTH_UART_INIT?BLUETOOTH

?PR?BLUETOOTH_GPIO_INIT?BLUETOOTH                -----    -----      -----    -----      02D4H    0002H
  +--> ?PR?_GPIO_INILIZE?GPIO

?PR?BLUETOOTH_UART_INIT?BLUETOOTH                -----    -----      -----    -----      02D4H    0009H
  +--> ?PR?_UART_CONFIGURATION?UART
  +--> ?PR?_NVIC_UART2_INIT?NVIC

?PR?BAT_ALL_INIT?BAT                             -----    -----      -----    -----      -----    -----
  +--> ?PR?BAT_GPIO_INIT?BAT
  +--> ?PR?BAT_ADC_INIT?BAT

?PR?BAT_GPIO_INIT?BAT                            -----    -----      -----    -----      02D4H    0002H
  +--> ?PR?_GPIO_INILIZE?GPIO

?PR?BAT_ADC_INIT?BAT                             -----    -----      -----    -----      02D4H    0005H
  +--> ?PR?_ADC_INILIZE?ADC
  +--> ?PR?_ADC_POWERCONTROL?ADC

?PR?TRACK_GPIO_INIT?TRACK                        -----    -----      -----    -----      02D4H    0002H
  +--> ?PR?_GPIO_INILIZE?GPIO

?PR?GPIO_ULTRASONIC_INIT?ULTRASONIC              -----    -----      -----    -----      02D4H    0004H
  +--> ?PR?_GPIO_INILIZE?GPIO

?PR?MOTOR_ALL_INIT?MOTOR                         -----    -----      -----    -----      -----    -----
  +--> ?PR?MOTOR_FRONT_GPIO_INIT?MOTOR
  +--> ?PR?MOTOR_BACK_GPIO_INIT?MOTOR
  +--> ?PR?_MOTOR_PWMA_INIT?MOTOR

?PR?MOTOR_FRONT_GPIO_INIT?MOTOR                  -----    -----      -----    -----      02D4H    0002H
  +--> ?PR?_GPIO_INILIZE?GPIO

?PR?MOTOR_BACK_GPIO_INIT?MOTOR                   -----    -----      -----    -----      02D4H    0002H
  +--> ?PR?_GPIO_INILIZE?GPIO

?PR?_MOTOR_PWMA_INIT?MOTOR                       -----    -----      -----    -----      02D4H    0009H
  +--> ?PR?_PWM_CONFIGURATION?STC8H_PWM

?PR?BUZZER_INIT?BUZZER                           -----    -----      -----    -----      02D4H    0002H
  +--> ?PR?_GPIO_INILIZE?GPIO

?PR?BUZZER_PWM_INIT?BUZZER                       -----    -----      -----    -----      02D4H    0009H
  +--> ?PR?_PWM_CONFIGURATION?STC8H_PWM

*** NEW ROOT ***************************************************

?PR?KEY_TASK?APP_KEY_TASK                        -----    -----      -----    -----      -----    -----
  +--> ?PR?KEY_SCAN?KEY

?PR?KEY_SCAN?KEY                                 -----    -----      -----    -----      -----    -----
  +--> ?PR?KEY_UP?MAIN
BL51 BANKED LINKER/LOCATER V6.22.4.0                                                  12/30/2025  16:01:50  PAGE 7


  +--> ?PR?KEY_DOWN?MAIN

?PR?KEY_UP?MAIN                                  -----    -----      -----    -----      -----    -----
  +--> ?CO?MAIN
  +--> ?PR?PRINTF?PRINTF
  +--> ?PR?LED_OFF?LED
  +--> ?PR?_MOTORS_MOVE?MOTOR

?PR?PRINTF?PRINTF                                0024H.4  0001H.1    003AH    0005H      0402H    0030H
  +--> ?PR?_PUTCHAR?UART

?PR?_PUTCHAR?UART                                -----    -----      -----    -----      -----    -----
  +--> ?PR?_TX1_WRITE2BUFF?UART

?PR?_MOTORS_MOVE?MOTOR                           -----    -----      -----    -----      0362H    0008H
  +--> ?PR?_CLIP_SPEED?MOTOR
  +--> ?PR?_MOTOR_FL_PWM_INIT?MOTOR
  +--> ?PR?_MOTOR_BL_PWM_INIT?MOTOR
  +--> ?PR?_MOTOR_FR_PWM_INIT?MOTOR
  +--> ?PR?_MOTOR_BR_PWM_INIT?MOTOR

?PR?_CLIP_SPEED?MOTOR                            -----    -----      -----    -----      036AH    0004H

?PR?_MOTOR_FL_PWM_INIT?MOTOR                     -----    -----      -----    -----      03F4H    000EH
  +--> ?CO?MOTOR
  +--> ?PR?PRINTF?PRINTF
  +--> ?PR?_PWM_CONFIGURATION?STC8H_PWM

?PR?_MOTOR_BL_PWM_INIT?MOTOR                     -----    -----      -----    -----      03F4H    000EH
  +--> ?PR?_PWM_CONFIGURATION?STC8H_PWM

?PR?_MOTOR_FR_PWM_INIT?MOTOR                     -----    -----      -----    -----      03F4H    000EH
  +--> ?PR?_PWM_CONFIGURATION?STC8H_PWM

?PR?_MOTOR_BR_PWM_INIT?MOTOR                     -----    -----      -----    -----      03F4H    000EH
  +--> ?PR?_PWM_CONFIGURATION?STC8H_PWM

?PR?KEY_DOWN?MAIN                                -----    -----      -----    -----      -----    -----
  +--> ?CO?MAIN
  +--> ?PR?PRINTF?PRINTF
  +--> ?PR?LED_ON?LED
  +--> ?PR?_MOTORS_MOVE?MOTOR

*** NEW ROOT ***************************************************

?PR?USER_UART_TASK?APP_USER_UART_TASK            -----    -----      -----    -----      -----    -----
  +--> ?PR?USER_UART_RECEIVE?APP_USER_UART_TASK

?PR?USER_UART_RECEIVE?APP_USER_UART_TASK         -----    -----      -----    -----      -----    -----
  +--> ?CO?APP_USER_UART_TASK
  +--> ?PR?PRINTF?PRINTF

*** NEW ROOT ***************************************************

?PR?BLUETOOTH_TASK?APP_BLUETOOTH_TASK            -----    -----      -----    -----      -----    -----
  +--> ?PR?BLUETOOTH_RECEIVE?BLUETOOTH

BL51 BANKED LINKER/LOCATER V6.22.4.0                                                  12/30/2025  16:01:50  PAGE 8


?PR?BLUETOOTH_RECEIVE?BLUETOOTH                  -----    -----      -----    -----      035DH    0001H
  +--> ?PR?_TX1_WRITE2BUFF?UART
  +--> ?PR?_DATA_TACKLE?BLUETOOTH

?PR?_DATA_TACKLE?BLUETOOTH                       -----    -----      -----    -----      035EH    0004H
  +--> ?CO?BLUETOOTH
  +--> ?PR?PRINTF?PRINTF
  +--> ?PR?LED_ON?LED
  +--> ?PR?LED_OFF?LED
  +--> ?PR?BUZZER_START?BUZZER
  +--> ?PR?BUZZER_STOP?BUZZER
  +--> ?PR?_MOTORS_MOVE?MOTOR

?PR?BUZZER_START?BUZZER                          -----    -----      -----    -----      -----    -----
  +--> ?PR?_UPDATA_BUZZER?BUZZER

?PR?_UPDATA_BUZZER?BUZZER                        -----    -----      -----    -----      03A8H    0010H
  +--> ?PR?_UPDATEPWM?STC8H_PWM

?PR?BUZZER_STOP?BUZZER                           -----    -----      -----    -----      -----    -----
  +--> ?PR?_UPDATA_BUZZER?BUZZER

*** NEW ROOT ***************************************************

?PR?BAT_TASK?APP_BAT_TASK                        -----    -----      -----    -----      -----    -----
  +--> ?PR?GET_BAT_V?BAT
  +--> ?CO?APP_BAT_TASK
  +--> ?PR?PRINTF?PRINTF
  +--> ?PR?BUZZER_START?BUZZER
  +--> ?PR?BUZZER_STOP?BUZZER

?PR?GET_BAT_V?BAT                                -----    -----      -----    -----      -----    -----
  +--> ?PR?_GET_ADCRESULT?ADC

?PR?_GET_ADCRESULT?ADC                           -----    -----      -----    -----      03A8H    0002H

*** NEW ROOT ***************************************************

?PR?TRACK_TASK?APP_TRACK_TASK                    -----    -----      -----    -----      03D8H    0004H
  +--> ?PR?_MOTOR_RUN?MOTOR
  +--> ?PR?TRACK_SCAN?TRACK

?PR?_MOTOR_RUN?MOTOR                             -----    -----      -----    -----      03DCH    0008H
  +--> ?PR?_MOTOR_SET?MOTOR

?PR?_MOTOR_SET?MOTOR                             -----    -----      -----    -----      03E4H    0010H
  +--> ?PR?_MOTOR_FL_PWM_INIT?MOTOR
  +--> ?PR?_MOTOR_FR_PWM_INIT?MOTOR
  +--> ?PR?_MOTOR_BL_PWM_INIT?MOTOR
  +--> ?PR?_MOTOR_BR_PWM_INIT?MOTOR

?PR?TRACK_SCAN?TRACK                             -----    -----      -----    -----      03DCH    0004H
  +--> ?CO?TRACK
  +--> ?PR?PRINTF?PRINTF

*** NEW ROOT ***************************************************

BL51 BANKED LINKER/LOCATER V6.22.4.0                                                  12/30/2025  16:01:50  PAGE 9


?C_C51STARTUP                                    -----    -----      -----    -----      -----    -----
  +--> ?C_INITSEG



SYMBOL TABLE OF MODULE:  .\Objects\project (MAIN)

  VALUE           TYPE          NAME
  ----------------------------------

  -------         MODULE        MAIN
  C:0000H         SYMBOL        _ICE_DUMMY_
  D:0080H         PUBLIC        P0
  D:0090H         PUBLIC        P1
  D:00A0H         PUBLIC        P2
  D:00B0H         PUBLIC        P3
  D:00C0H         PUBLIC        P4
  D:00C8H         PUBLIC        P5
  D:00E8H         PUBLIC        P6
  B:00A8H.7       PUBLIC        EA
  D:00F8H         PUBLIC        P7
  D:00BAH         PUBLIC        P_SW2
  D:00A8H         PUBLIC        IE
  C:3226H         PUBLIC        key_up
  D:00B8H         PUBLIC        IP
  D:0098H         PUBLIC        SCON
  D:0088H         PUBLIC        TCON
  C:337DH         PUBLIC        main_start
  C:3272H         PUBLIC        system_init
  C:331FH         PUBLIC        key_down
  D:00D0H         PUBLIC        PSW
  -------         PROC          SYSTEM_INIT
  C:3272H         LINE#         4
  C:3272H         LINE#         5
  C:3275H         LINE#         6
  C:3278H         LINE#         7
  C:327BH         LINE#         8
  C:327EH         LINE#         9
  C:3281H         LINE#         10
  C:3283H         LINE#         11
  C:3286H         LINE#         12
  C:3289H         LINE#         13
  C:328CH         LINE#         14
  C:328FH         LINE#         16
  C:3292H         LINE#         17
  -------         ENDPROC       SYSTEM_INIT
  -------         PROC          MAIN_START
  C:337DH         LINE#         20
  C:337DH         LINE#         21
  C:3380H         LINE#         22
  C:3385H         LINE#         23
  C:338AH         LINE#         24
  C:338FH         LINE#         25
  C:3394H         LINE#         28
  -------         ENDPROC       MAIN_START
  -------         PROC          KEY_DOWN
  C:331FH         LINE#         31
BL51 BANKED LINKER/LOCATER V6.22.4.0                                                  12/30/2025  16:01:50  PAGE 10


  C:331FH         LINE#         32
  C:3328H         LINE#         33
  C:332BH         LINE#         34
  -------         ENDPROC       KEY_DOWN
  -------         PROC          KEY_UP
  C:3226H         LINE#         37
  C:3226H         LINE#         38
  C:322FH         LINE#         39
  C:3232H         LINE#         40
  C:3247H         LINE#         41
  -------         ENDPROC       KEY_UP
  -------         ENDMOD        MAIN

  -------         MODULE        APP_KEY_TASK
  C:0000H         SYMBOL        _ICE_DUMMY_
  D:0080H         PUBLIC        P0
  D:0090H         PUBLIC        P1
  D:00A0H         PUBLIC        P2
  D:00B0H         PUBLIC        P3
  D:00C0H         PUBLIC        P4
  D:00C8H         PUBLIC        P5
  D:00E8H         PUBLIC        P6
  D:00F8H         PUBLIC        P7
  D:00A8H         PUBLIC        IE
  D:00B8H         PUBLIC        IP
  D:0098H         PUBLIC        SCON
  D:0088H         PUBLIC        TCON
  C:3582H         PUBLIC        key_task
  D:00D0H         PUBLIC        PSW
  -------         PROC          KEY_TASK
  C:3582H         LINE#         3
  C:3582H         LINE#         4
  C:3582H         LINE#         5
  C:3585H         LINE#         6
  C:358CH         LINE#         7
  -------         ENDPROC       KEY_TASK
  -------         ENDMOD        APP_KEY_TASK

  -------         MODULE        APP_USER_UART_TASK
  C:0000H         SYMBOL        _ICE_DUMMY_
  D:0080H         PUBLIC        P0
  D:0090H         PUBLIC        P1
  D:00A0H         PUBLIC        P2
  D:00B0H         PUBLIC        P3
  D:00C0H         PUBLIC        P4
  D:00C8H         PUBLIC        P5
  D:00E8H         PUBLIC        P6
  D:00F8H         PUBLIC        P7
  D:00A8H         PUBLIC        IE
  D:00B8H         PUBLIC        IP
  C:3416H         PUBLIC        user_uart_receive
  D:0098H         PUBLIC        SCON
  D:0088H         PUBLIC        TCON
  C:31B0H         PUBLIC        user_uart_task
  D:00D0H         PUBLIC        PSW
  -------         PROC          USER_UART_RECEIVE
  C:3416H         LINE#         3
BL51 BANKED LINKER/LOCATER V6.22.4.0                                                  12/30/2025  16:01:50  PAGE 11


  C:3416H         LINE#         4
  -------         ENDPROC       USER_UART_RECEIVE
  -------         PROC          USER_UART_TASK
  C:31B0H         LINE#         7
  C:31B0H         LINE#         8
  C:31B0H         LINE#         9
  C:31BEH         LINE#         10
  C:31C7H         LINE#         11
  C:31CAH         LINE#         12
  C:31CAH         LINE#         13
  C:31CFH         LINE#         14
  C:31CFH         LINE#         15
  C:31D6H         LINE#         16
  -------         ENDPROC       USER_UART_TASK
  -------         ENDMOD        APP_USER_UART_TASK

  -------         MODULE        APP_BLUETOOTH_TASK
  C:0000H         SYMBOL        _ICE_DUMMY_
  D:0080H         PUBLIC        P0
  D:0090H         PUBLIC        P1
  D:00A0H         PUBLIC        P2
  D:00B0H         PUBLIC        P3
  D:00C0H         PUBLIC        P4
  D:00C8H         PUBLIC        P5
  D:00E8H         PUBLIC        P6
  D:00F8H         PUBLIC        P7
  D:00A8H         PUBLIC        IE
  D:00B8H         PUBLIC        IP
  D:0098H         PUBLIC        SCON
  D:0088H         PUBLIC        TCON
  C:358EH         PUBLIC        bluetooth_task
  D:00D0H         PUBLIC        PSW
  -------         PROC          BLUETOOTH_TASK
  C:358EH         LINE#         3
  C:358EH         LINE#         4
  C:358EH         LINE#         5
  C:3591H         LINE#         6
  C:3598H         LINE#         7
  -------         ENDPROC       BLUETOOTH_TASK
  -------         ENDMOD        APP_BLUETOOTH_TASK

  -------         MODULE        APP_BAT_TASK
  C:0000H         SYMBOL        _ICE_DUMMY_
  D:0080H         PUBLIC        P0
  D:0090H         PUBLIC        P1
  D:00A0H         PUBLIC        P2
  D:00B0H         PUBLIC        P3
  D:00C0H         PUBLIC        P4
  D:00C8H         PUBLIC        P5
  D:00E8H         PUBLIC        P6
  D:00F8H         PUBLIC        P7
  D:00A8H         PUBLIC        IE
  D:00B8H         PUBLIC        IP
  D:0098H         PUBLIC        SCON
  D:0088H         PUBLIC        TCON
  C:294FH         PUBLIC        bat_task
  X:044BH         PUBLIC        i
BL51 BANKED LINKER/LOCATER V6.22.4.0                                                  12/30/2025  16:01:50  PAGE 12


  D:00D0H         PUBLIC        PSW
  -------         PROC          BAT_TASK
  C:294FH         LINE#         3
  C:294FH         LINE#         4
  C:294FH         LINE#         5
  C:2952H         LINE#         6
  C:296FH         LINE#         7
  C:2989H         LINE#         8
  C:298EH         LINE#         9
  C:2991H         LINE#         10
  C:2998H         LINE#         11
  C:299BH         LINE#         12
  C:29A2H         LINE#         13
  C:29AEH         LINE#         14
  C:29AEH         LINE#         15
  C:29B5H         LINE#         16
  -------         ENDPROC       BAT_TASK
  -------         ENDMOD        APP_BAT_TASK

  -------         MODULE        APP_TRACK_TASK
  C:0000H         SYMBOL        _ICE_DUMMY_
  D:0080H         PUBLIC        P0
  D:0090H         PUBLIC        P1
  D:00A0H         PUBLIC        P2
  D:00B0H         PUBLIC        P3
  D:00C0H         PUBLIC        P4
  D:00C8H         PUBLIC        P5
  D:00E8H         PUBLIC        P6
  D:00F8H         PUBLIC        P7
  D:00A8H         PUBLIC        IE
  D:00B8H         PUBLIC        IP
  C:2598H         PUBLIC        track_task
  D:0098H         PUBLIC        SCON
  D:0088H         PUBLIC        TCON
  D:00D0H         PUBLIC        PSW
  -------         PROC          TRACK_TASK
  -------         DO            
  X:03D8H         SYMBOL        pos
  X:03DAH         SYMBOL        last_pos
  -------         ENDDO         
  C:2598H         LINE#         4
  C:2598H         LINE#         5
  C:25A4H         LINE#         6
  C:25A4H         LINE#         7
  C:25BEH         LINE#         8
  C:25D3H         LINE#         9
  C:25D5H         LINE#         10
  C:25D5H         LINE#         19
  C:25E0H         LINE#         21
  C:25EAH         LINE#         22
  C:25F1H         LINE#         24
  C:25F3H         LINE#         25
  C:25F3H         LINE#         26
  C:25FDH         LINE#         27
  C:260DH         LINE#         28
  C:260DH         LINE#         30
  C:260FH         LINE#         31
BL51 BANKED LINKER/LOCATER V6.22.4.0                                                  12/30/2025  16:01:50  PAGE 13


  C:261DH         LINE#         32
  C:262CH         LINE#         33
  C:262CH         LINE#         35
  C:262EH         LINE#         36
  C:262EH         LINE#         37
  C:2640H         LINE#         38
  C:264DH         LINE#         40
  C:264DH         LINE#         41
  C:2654H         LINE#         43
  -------         ENDPROC       TRACK_TASK
  -------         ENDMOD        APP_TRACK_TASK

  -------         MODULE        ?RTX51_TINY_KERNAL
  C:3574H         SEGMENT       ?RTX?TASKENT?S
  I:003FH         SEGMENT       ?RTX?TASKSP?S
  I:000FH         SEGMENT       ?RTX?TASKSTATE?S
  B:0025H.5       SEGMENT       ?RTX?BITS
  C:1895H         SEGMENT       ?RTX?CODE
  C:18E4H         PUBLIC        ?RTX?SET_ISR
  D:000CH         PUBLIC        ?RTX_CURRENTTASK
  D:0007H         PUBLIC        ?RTX_NEXTID
  C:1927H         PUBLIC        ?RTX_NEXTTASK
  N:00FFH         PUBLIC        ?RTX_RAMTOP
  C:3574H         PUBLIC        ?RTX_TASKENTRY
  C:1A06H         PUBLIC        ?RTX_TASKIDX
  I:003FH         PUBLIC        ?RTX_TASKSP
  I:000FH         PUBLIC        ?RTX_TASKSTATUS
  C:19CAH         PUBLIC        MAIN
  C:1910H         PUBLIC        OS_SWITCH_TASK
  C:1919H         SYMBOL        ?C0001
  C:1923H         SYMBOL        ?C0003
  C:1928H         SYMBOL        ?C0005
  C:1942H         SYMBOL        ?C0007
  C:1944H         SYMBOL        ?C0009
  C:194EH         SYMBOL        ?C0011
  C:197BH         SYMBOL        ?C0012
  C:1961H         SYMBOL        ?C0013
  C:1966H         SYMBOL        ?C0015
  C:1971H         SYMBOL        ?C0016
  N:0000H         SYMBOL        ?RTX51_TINY_KERNAL
  N:D8F0H         SYMBOL        ?RTX_CLOCK
  N:0008H         SYMBOL        ?RTX_REGISTERBANK
  D:000DH         SYMBOL        ?RTX_ROBINTIME
  D:000AH         SYMBOL        ?RTX_SAVEACC
  D:000BH         SYMBOL        ?RTX_SAVEPSW
  C:1895H         SYMBOL        ?RTX_STACKERROR
  C:18E8H         SYMBOL        ?RTX_TASKSWITCHING
  B:0025H.5       SYMBOL        ?RTX_TS_DELAY
  D:00E0H         SYMBOL        ACC
  D:00F0H         SYMBOL        B
  N:0005H         SYMBOL        B_ACTIVE
  N:0007H         SYMBOL        B_IVL
  N:0007H         SYMBOL        B_RDY
  N:0004H         SYMBOL        B_READY
  N:0006H         SYMBOL        B_ROBIN
  N:0002H         SYMBOL        B_SIGNAL
  N:0003H         SYMBOL        B_TIMEOUT
BL51 BANKED LINKER/LOCATER V6.22.4.0                                                  12/30/2025  16:01:50  PAGE 14


  N:0000H         SYMBOL        B_WAITSIG
  N:0001H         SYMBOL        B_WAITTIM
  C:18E5H         SYMBOL        CHECKROBINTIME
  C:18BFH         SYMBOL        CHECKSTACK
  N:0000H         SYMBOL        CODE_BANKING
  N:0000H         SYMBOL        CPU_IDLE_CODE
  D:0083H         SYMBOL        DPH
  D:0082H         SYMBOL        DPL
  B:00A8H.7       SYMBOL        EA
  B:00A8H.4       SYMBOL        ES
  B:00A8H.1       SYMBOL        ET0
  B:00A8H.3       SYMBOL        ET1
  B:00A8H.0       SYMBOL        EX0
  B:00A8H.2       SYMBOL        EX1
  N:0014H         SYMBOL        FREE_STACK
  C:1899H         SYMBOL        HW_TIMER
  D:00A8H         SYMBOL        IE
  B:0088H.1       SYMBOL        IE0
  B:0088H.3       SYMBOL        IE1
  N:2710H         SYMBOL        INT_CLOCK
  N:0001H         SYMBOL        INT_REGBANK
  B:0088H.0       SYMBOL        IT0
  B:0088H.2       SYMBOL        IT1
  N:0020H         SYMBOL        K_ACTIVE
  N:0080H         SYMBOL        K_IVL
  N:0080H         SYMBOL        K_RDY
  N:0010H         SYMBOL        K_READY
  N:0040H         SYMBOL        K_ROBIN
  N:0001H         SYMBOL        K_SIG
  N:0002H         SYMBOL        K_TMO
  N:0000H         SYMBOL        LONG_USR_INTR
  C:19D3H         SYMBOL        MAIN1
  C:19DDH         SYMBOL        MAIN1X
  C:19D8H         SYMBOL        MAIN2
  C:199EH         SYMBOL        NOEVENT
  C:18E4H         SYMBOL        NOROBINTIMEOUT
  C:18DBH         SYMBOL        NOTIMEOUT
  C:18D9H         SYMBOL        NOWAITTIMEOUT
  C:1910H         SYMBOL        OS_SWITCH_TASK1
  D:0087H         SYMBOL        PCON
  D:00D0H         SYMBOL        PSW
  N:00FFH         SYMBOL        RAMTOP
  N:0080H         SYMBOL        RDY_EVENT
  C:19AAH         SYMBOL        ROBINON
  C:1992H         SYMBOL        SIGNALOFF
  C:199EH         SYMBOL        SIGNALON
  N:0004H         SYMBOL        SIG_EVENT
  D:0081H         SYMBOL        SP
  I:0010H         SYMBOL        TASKSTATE
  D:0088H         SYMBOL        TCON
  B:0088H.5       SYMBOL        TF0
  B:0088H.7       SYMBOL        TF1
  D:008CH         SYMBOL        TH0
  D:008DH         SYMBOL        TH1
  C:199AH         SYMBOL        TIMEOUTON
  C:189AH         SYMBOL        TIMERINT
  C:18CBH         SYMBOL        TIMERLOOP
BL51 BANKED LINKER/LOCATER V6.22.4.0                                                  12/30/2025  16:01:50  PAGE 15


  I:000FH         SYMBOL        TIMERVAL
  N:0005H         SYMBOL        TIMESHARING
  D:008AH         SYMBOL        TL0
  D:008BH         SYMBOL        TL1
  D:0089H         SYMBOL        TMOD
  N:0008H         SYMBOL        TMO_EVENT
  B:0088H.4       SYMBOL        TR0
  B:0088H.6       SYMBOL        TR1
  C:000BH         LINE#         271
  C:1895H         LINE#         279
  C:1897H         LINE#         279
  C:1899H         LINE#         282
  C:189AH         LINE#         299
  C:189DH         LINE#         301
  C:18A0H         LINE#         302
  C:18A3H         LINE#         303
  C:18A5H         LINE#         305
  C:18A7H         LINE#         306
  C:18A9H         LINE#         307
  C:18ABH         LINE#         308
  C:18ADH         LINE#         309
  C:18AFH         LINE#         310
  C:18B1H         LINE#         311
  C:18B3H         LINE#         312
  C:18B5H         LINE#         316
  C:18B6H         LINE#         317
  C:18B8H         LINE#         318
  C:18B9H         LINE#         319
  C:18BAH         LINE#         320
  C:18BDH         LINE#         321
  C:18BFH         LINE#         322
  C:18C0H         LINE#         323
  C:18C2H         LINE#         324
  C:18C5H         LINE#         325
  C:18C7H         LINE#         329
  C:18C9H         LINE#         330
  C:18CBH         LINE#         331
  C:18CCH         LINE#         332
  C:18CDH         LINE#         333
  C:18CEH         LINE#         334
  C:18D0H         LINE#         335
  C:18D2H         LINE#         336
  C:18D3H         LINE#         337
  C:18D6H         LINE#         338
  C:18D8H         LINE#         339
  C:18D9H         LINE#         340
  C:18DBH         LINE#         341
  C:18DCH         LINE#         342
  C:18DEH         LINE#         344
  C:18DFH         LINE#         345
  C:18E1H         LINE#         360
  C:18E4H         LINE#         366
  C:18E5H         LINE#         367
  C:18E8H         LINE#         370
  C:18EAH         LINE#         371
  C:18ECH         LINE#         372
  C:18EEH         LINE#         373
BL51 BANKED LINKER/LOCATER V6.22.4.0                                                  12/30/2025  16:01:50  PAGE 16


  C:18F0H         LINE#         374
  C:18F2H         LINE#         375
  C:18F4H         LINE#         376
  C:18F6H         LINE#         377
  C:18F8H         LINE#         378
  C:18FAH         LINE#         379
  C:18FCH         LINE#         380
  C:18FEH         LINE#         381
  C:1900H         LINE#         382
  C:1902H         LINE#         387
  C:1904H         LINE#         388
  C:1905H         LINE#         389
  C:1907H         LINE#         390
  C:1908H         LINE#         391
  C:190AH         LINE#         392
  C:190CH         LINE#         393
  C:190DH         LINE#         394
  C:190EH         LINE#         395
  C:1910H         LINE#         424
  C:1912H         LINE#         426
  C:1914H         LINE#         427
  C:1915H         LINE#         429
  C:1916H         LINE#         430
  C:1918H         LINE#         431
  C:1919H         LINE#         434
  C:191AH         LINE#         435
  C:191BH         LINE#         436
  C:191CH         LINE#         444
  C:191FH         LINE#         445
  C:1921H         LINE#         446
  C:1923H         LINE#         449
  C:1924H         LINE#         450
  C:1927H         LINE#         458
  C:1928H         LINE#         462
  C:192AH         LINE#         463
  C:192BH         LINE#         464
  C:192CH         LINE#         465
  C:192EH         LINE#         468
  C:1930H         LINE#         470
  C:1932H         LINE#         471
  C:1934H         LINE#         472
  C:1935H         LINE#         473
  C:1936H         LINE#         474
  C:1937H         LINE#         476
  C:1939H         LINE#         478
  C:193AH         LINE#         479
  C:193BH         LINE#         480
  C:193DH         LINE#         481
  C:1940H         LINE#         482
  C:1942H         LINE#         484
  C:1943H         LINE#         485
  C:1944H         LINE#         490
  C:1945H         LINE#         491
  C:1946H         LINE#         492
  C:1948H         LINE#         496
  C:1949H         LINE#         497
  C:194AH         LINE#         498
BL51 BANKED LINKER/LOCATER V6.22.4.0                                                  12/30/2025  16:01:50  PAGE 17


  C:194CH         LINE#         499
  C:194EH         LINE#         505
  C:1950H         LINE#         506
  C:1951H         LINE#         507
  C:1952H         LINE#         508
  C:1954H         LINE#         510
  C:1956H         LINE#         511
  C:1958H         LINE#         512
  C:1959H         LINE#         513
  C:195AH         LINE#         516
  C:195CH         LINE#         517
  C:195FH         LINE#         518
  C:1961H         LINE#         520
  C:1962H         LINE#         522
  C:1963H         LINE#         523
  C:1964H         LINE#         524
  C:1965H         LINE#         525
  C:1966H         LINE#         529
  C:1968H         LINE#         530
  C:1969H         LINE#         531
  C:196BH         LINE#         535
  C:196DH         LINE#         536
  C:196EH         LINE#         537
  C:196FH         LINE#         539
  C:1971H         LINE#         543
  C:1973H         LINE#         544
  C:1975H         LINE#         545
  C:1976H         LINE#         546
  C:1977H         LINE#         548
  C:1979H         LINE#         549
  C:197BH         LINE#         555
  C:197EH         LINE#         559
  C:1980H         LINE#         560
  C:1981H         LINE#         561
  C:1983H         LINE#         562
  C:1984H         LINE#         563
  C:1986H         LINE#         564
  C:1988H         LINE#         565
  C:1989H         LINE#         567
  C:198CH         LINE#         571
  C:198FH         LINE#         572
  C:1992H         LINE#         576
  C:1994H         LINE#         577
  C:1997H         LINE#         578
  C:199AH         LINE#         580
  C:199CH         LINE#         581
  C:199EH         LINE#         583
  C:19A0H         LINE#         584
  C:19A1H         LINE#         585
  C:19A3H         LINE#         587
  C:19A5H         LINE#         588
  C:19A7H         LINE#         594
  C:19A9H         LINE#         595
  C:19AAH         LINE#         608
  C:19ABH         LINE#         609
  C:19ADH         LINE#         614
  C:19AFH         LINE#         615
BL51 BANKED LINKER/LOCATER V6.22.4.0                                                  12/30/2025  16:01:50  PAGE 18


  C:19B1H         LINE#         616
  C:19B3H         LINE#         617
  C:19B5H         LINE#         618
  C:19B7H         LINE#         619
  C:19B9H         LINE#         620
  C:19BBH         LINE#         621
  C:19BDH         LINE#         622
  C:19BFH         LINE#         623
  C:19C1H         LINE#         624
  C:19C3H         LINE#         625
  C:19C5H         LINE#         626
  C:19C7H         LINE#         627
  C:19C9H         LINE#         628
  C:19CAH         LINE#         642
  C:19CCH         LINE#         643
  C:19CEH         LINE#         644
  C:19D0H         LINE#         645
  C:19D2H         LINE#         646
  C:19D3H         LINE#         647
  C:19D4H         LINE#         648
  C:19D6H         LINE#         649
  C:19D8H         LINE#         650
  C:19DAH         LINE#         651
  C:19DBH         LINE#         652
  C:19DDH         LINE#         653
  C:19DEH         LINE#         654
  C:19DFH         LINE#         655
  C:19E0H         LINE#         656
  C:19E1H         LINE#         657
  C:19E3H         LINE#         658
  C:19E5H         LINE#         659
  C:19E7H         LINE#         660
  C:19EAH         LINE#         661
  C:19ECH         LINE#         662
  C:19EDH         LINE#         663
  C:19EFH         LINE#         664
  C:19F0H         LINE#         665
  C:19F1H         LINE#         666
  C:19F3H         LINE#         668
  C:19F6H         LINE#         670
  C:19F9H         LINE#         671
  C:19FCH         LINE#         672
  C:19FFH         LINE#         673
  C:1A01H         LINE#         674
  C:1A03H         LINE#         675
  C:1A05H         LINE#         676
  -------         ENDMOD        ?RTX51_TINY_KERNAL

  -------         MODULE        UART_ISR
  C:0000H         SYMBOL        _ICE_DUMMY_
  D:0080H         PUBLIC        P0
  D:0090H         PUBLIC        P1
  D:00A0H         PUBLIC        P2
  D:00B0H         PUBLIC        P3
  D:00C0H         PUBLIC        P4
  D:00C8H         PUBLIC        P5
  D:00E8H         PUBLIC        P6
BL51 BANKED LINKER/LOCATER V6.22.4.0                                                  12/30/2025  16:01:50  PAGE 19


  D:00F8H         PUBLIC        P7
  D:00A8H         PUBLIC        IE
  D:00B8H         PUBLIC        IP
  B:0098H.0       PUBLIC        RI
  B:0098H.1       PUBLIC        TI
  D:0099H         PUBLIC        SBUF
  D:0098H         PUBLIC        SCON
  D:0088H         PUBLIC        TCON
  C:2CA5H         PUBLIC        UART1_ISR_Handler
  C:2B11H         PUBLIC        UART2_ISR_Handler
  C:2B63H         PUBLIC        UART3_ISR_Handler
  D:009BH         PUBLIC        S2BUF
  C:2BB5H         PUBLIC        UART4_ISR_Handler
  D:00ADH         PUBLIC        S3BUF
  D:0085H         PUBLIC        S4BUF
  D:009AH         PUBLIC        S2CON
  D:00ACH         PUBLIC        S3CON
  D:0084H         PUBLIC        S4CON
  D:00D0H         PUBLIC        PSW
  -------         PROC          UART1_ISR_HANDLER
  C:2CA5H         LINE#         23
  C:2CB2H         LINE#         25
  C:2CB5H         LINE#         26
  C:2CB5H         LINE#         27
  C:2CB7H         LINE#         29
  C:2CC2H         LINE#         30
  C:2CD6H         LINE#         31
  C:2CDCH         LINE#         32
  C:2CDCH         LINE#         34
  C:2CDFH         LINE#         35
  C:2CDFH         LINE#         36
  C:2CE1H         LINE#         46
  C:2CE6H         LINE#         48
  C:2CE6H         LINE#         49
  -------         ENDPROC       UART1_ISR_HANDLER
  -------         PROC          UART2_ISR_HANDLER
  C:2B11H         LINE#         60
  C:2B1EH         LINE#         62
  C:2B23H         LINE#         63
  C:2B23H         LINE#         64
  C:2B26H         LINE#         67
  C:2B31H         LINE#         68
  C:2B45H         LINE#         69
  C:2B4BH         LINE#         70
  C:2B4BH         LINE#         72
  C:2B50H         LINE#         73
  C:2B50H         LINE#         74
  C:2B53H         LINE#         84
  C:2B58H         LINE#         86
  C:2B58H         LINE#         87
  -------         ENDPROC       UART2_ISR_HANDLER
  -------         PROC          UART3_ISR_HANDLER
  C:2B63H         LINE#         98
  C:2B70H         LINE#         100
  C:2B75H         LINE#         101
  C:2B75H         LINE#         102
  C:2B78H         LINE#         104
BL51 BANKED LINKER/LOCATER V6.22.4.0                                                  12/30/2025  16:01:50  PAGE 20


  C:2B83H         LINE#         105
  C:2B97H         LINE#         106
  C:2B9DH         LINE#         107
  C:2B9DH         LINE#         109
  C:2BA2H         LINE#         110
  C:2BA2H         LINE#         111
  C:2BA5H         LINE#         121
  C:2BAAH         LINE#         123
  C:2BAAH         LINE#         124
  -------         ENDPROC       UART3_ISR_HANDLER
  -------         PROC          UART4_ISR_HANDLER
  C:2BB5H         LINE#         135
  C:2BC2H         LINE#         137
  C:2BC7H         LINE#         138
  C:2BC7H         LINE#         139
  C:2BCAH         LINE#         141
  C:2BD5H         LINE#         142
  C:2BE9H         LINE#         143
  C:2BEFH         LINE#         144
  C:2BEFH         LINE#         146
  C:2BF4H         LINE#         147
  C:2BF4H         LINE#         148
  C:2BF7H         LINE#         158
  C:2BFCH         LINE#         160
  C:2BFCH         LINE#         161
  -------         ENDPROC       UART4_ISR_HANDLER
  -------         ENDMOD        UART_ISR

  -------         MODULE        DELAY
  C:0000H         SYMBOL        _ICE_DUMMY_
  D:0080H         PUBLIC        P0
  D:0090H         PUBLIC        P1
  D:00A0H         PUBLIC        P2
  D:00B0H         PUBLIC        P3
  D:00C0H         PUBLIC        P4
  D:00C8H         PUBLIC        P5
  D:00E8H         PUBLIC        P6
  D:00F8H         PUBLIC        P7
  D:00A8H         PUBLIC        IE
  D:00B8H         PUBLIC        IP
  D:0098H         PUBLIC        SCON
  D:0088H         PUBLIC        TCON
  C:3528H         PUBLIC        _delay_ms
  D:00D0H         PUBLIC        PSW
  -------         PROC          _DELAY_MS
  D:0007H         SYMBOL        ms
  -------         DO            
  D:0004H         SYMBOL        i
  -------         ENDDO         
  C:3528H         LINE#         24
  C:3528H         LINE#         25
  C:3528H         LINE#         27
  C:3528H         LINE#         28
  C:352CH         LINE#         29
  C:3535H         LINE#         30
  C:3537H         LINE#         31
  -------         ENDPROC       _DELAY_MS
BL51 BANKED LINKER/LOCATER V6.22.4.0                                                  12/30/2025  16:01:50  PAGE 21


  -------         ENDMOD        DELAY

  -------         MODULE        GPIO
  C:0000H         SYMBOL        _ICE_DUMMY_
  D:0093H         PUBLIC        P0M1
  D:0092H         PUBLIC        P1M0
  D:0096H         PUBLIC        P2M0
  D:0091H         PUBLIC        P1M1
  D:0080H         PUBLIC        P0
  D:00B2H         PUBLIC        P3M0
  D:0095H         PUBLIC        P2M1
  D:0090H         PUBLIC        P1
  D:00B4H         PUBLIC        P4M0
  D:00B1H         PUBLIC        P3M1
  D:00A0H         PUBLIC        P2
  D:00CAH         PUBLIC        P5M0
  D:00B3H         PUBLIC        P4M1
  D:00B0H         PUBLIC        P3
  D:00CCH         PUBLIC        P6M0
  D:00C9H         PUBLIC        P5M1
  D:00C0H         PUBLIC        P4
  D:00E2H         PUBLIC        P7M0
  D:00CBH         PUBLIC        P6M1
  D:00C8H         PUBLIC        P5
  D:00E8H         PUBLIC        P6
  D:00E1H         PUBLIC        P7M1
  D:00F8H         PUBLIC        P7
  D:00A8H         PUBLIC        IE
  D:00B8H         PUBLIC        IP
  D:0098H         PUBLIC        SCON
  D:0088H         PUBLIC        TCON
  C:1B9FH         PUBLIC        _GPIO_Inilize
  D:00D0H         PUBLIC        PSW
  D:0094H         PUBLIC        P0M0
  -------         PROC          _GPIO_INILIZE
  D:0007H         SYMBOL        GPIO
  D:0001H         SYMBOL        GPIOx
  C:1B9FH         LINE#         22
  C:1B9FH         LINE#         23
  C:1B9FH         LINE#         24
  C:1BA8H         LINE#         25
  C:1BB4H         LINE#         26
  C:1BB7H         LINE#         27
  C:1BB7H         LINE#         28
  C:1BC5H         LINE#         29
  C:1BD6H         LINE#         30
  C:1BE7H         LINE#         31
  C:1BF8H         LINE#         32
  C:1BF8H         LINE#         33
  C:1BFDH         LINE#         34
  C:1BFDH         LINE#         35
  C:1C0EH         LINE#         36
  C:1C1DH         LINE#         37
  C:1C2DH         LINE#         38
  C:1C40H         LINE#         39
  C:1C40H         LINE#         40
  C:1C45H         LINE#         41
BL51 BANKED LINKER/LOCATER V6.22.4.0                                                  12/30/2025  16:01:50  PAGE 22


  C:1C45H         LINE#         42
  C:1C56H         LINE#         43
  C:1C65H         LINE#         44
  C:1C75H         LINE#         45
  C:1C88H         LINE#         46
  C:1C88H         LINE#         47
  C:1C8DH         LINE#         48
  C:1C8DH         LINE#         49
  C:1C9EH         LINE#         50
  C:1CADH         LINE#         51
  C:1CBDH         LINE#         52
  C:1CD0H         LINE#         53
  C:1CD0H         LINE#         54
  C:1CD5H         LINE#         55
  C:1CD5H         LINE#         56
  C:1CE6H         LINE#         57
  C:1CF5H         LINE#         58
  C:1D05H         LINE#         59
  C:1D18H         LINE#         60
  C:1D18H         LINE#         61
  C:1D1DH         LINE#         62
  C:1D1DH         LINE#         63
  C:1D2EH         LINE#         64
  C:1D3DH         LINE#         65
  C:1D4DH         LINE#         66
  C:1D60H         LINE#         67
  C:1D60H         LINE#         68
  C:1D65H         LINE#         69
  C:1D65H         LINE#         70
  C:1D76H         LINE#         71
  C:1D85H         LINE#         72
  C:1D95H         LINE#         73
  C:1DA8H         LINE#         74
  C:1DA8H         LINE#         75
  C:1DADH         LINE#         76
  C:1DADH         LINE#         77
  C:1DBEH         LINE#         78
  C:1DCDH         LINE#         79
  C:1DDDH         LINE#         80
  C:1DF0H         LINE#         81
  C:1DF0H         LINE#         82
  C:1DF2H         LINE#         83
  -------         ENDPROC       _GPIO_INILIZE
  -------         ENDMOD        GPIO

  -------         MODULE        NVIC
  C:0000H         SYMBOL        _ICE_DUMMY_
  D:0080H         PUBLIC        P0
  D:0090H         PUBLIC        P1
  D:00A0H         PUBLIC        P2
  D:00B0H         PUBLIC        P3
  D:00C0H         PUBLIC        P4
  D:00C8H         PUBLIC        P5
  D:00E8H         PUBLIC        P6
  D:00F8H         PUBLIC        P7
  B:00A8H.5       PUBLIC        EADC
  D:00A8H         PUBLIC        IE
BL51 BANKED LINKER/LOCATER V6.22.4.0                                                  12/30/2025  16:01:50  PAGE 23


  D:00B6H         PUBLIC        IP2H
  D:00EEH         PUBLIC        IP3H
  D:008FH         PUBLIC        INTCLKO
  B:00A8H.4       PUBLIC        ES
  B:00B8H.5       PUBLIC        PADC
  D:00B8H         PUBLIC        IP
  B:00B8H.4       PUBLIC        PS
  C:2EDAH         PUBLIC        _NVIC_INT0_Init
  C:2F1BH         PUBLIC        _NVIC_INT1_Init
  C:33E6H         PUBLIC        _NVIC_INT2_Init
  C:33CDH         PUBLIC        _NVIC_INT3_Init
  D:00E6H         PUBLIC        CMPCR1
  C:3399H         PUBLIC        _NVIC_INT4_Init
  D:0098H         PUBLIC        SCON
  D:0088H         PUBLIC        TCON
  C:2E58H         PUBLIC        _NVIC_Timer0_Init
  C:2E99H         PUBLIC        _NVIC_Timer1_Init
  C:32DBH         PUBLIC        _NVIC_Timer2_Init
  C:32FDH         PUBLIC        _NVIC_Timer3_Init
  D:00AFH         PUBLIC        IE2
  C:3295H         PUBLIC        _NVIC_Timer4_Init
  C:29B7H         PUBLIC        _NVIC_I2C_Init
  B:00A8H.1       PUBLIC        ET0
  B:00A8H.3       PUBLIC        ET1
  D:00B5H         PUBLIC        IP2
  D:00DFH         PUBLIC        IP3
  B:00A8H.0       PUBLIC        EX0
  B:00A8H.2       PUBLIC        EX1
  C:2F5CH         PUBLIC        _NVIC_ADC_Init
  B:00B8H.1       PUBLIC        PT0
  B:00B8H.3       PUBLIC        PT1
  B:00B8H.0       PUBLIC        PX0
  B:00B8H.2       PUBLIC        PX1
  D:00B7H         PUBLIC        IPH
  C:2CF1H         PUBLIC        _NVIC_CMP_Init
  C:305AH         PUBLIC        _NVIC_RTC_Init
  C:2DCEH         PUBLIC        _NVIC_SPI_Init
  C:2F9DH         PUBLIC        _NVIC_UART1_Init
  C:2E15H         PUBLIC        _NVIC_UART2_Init
  C:2D3CH         PUBLIC        _NVIC_UART3_Init
  C:2D86H         PUBLIC        _NVIC_UART4_Init
  D:00D0H         PUBLIC        PSW
  C:2767H         PUBLIC        _NVIC_PWM_Init
  -------         PROC          _NVIC_TIMER0_INIT
  D:0007H         SYMBOL        State
  D:0005H         SYMBOL        Priority
  C:2E58H         LINE#         23
  C:2E58H         LINE#         24
  C:2E58H         LINE#         25
  C:2E61H         LINE#         26
  C:2E6AH         LINE#         27
  C:2E73H         LINE#         28
  C:2E96H         LINE#         29
  C:2E98H         LINE#         30
  -------         ENDPROC       _NVIC_TIMER0_INIT
  -------         PROC          _NVIC_TIMER1_INIT
  D:0007H         SYMBOL        State
BL51 BANKED LINKER/LOCATER V6.22.4.0                                                  12/30/2025  16:01:50  PAGE 24


  D:0005H         SYMBOL        Priority
  C:2E99H         LINE#         40
  C:2E99H         LINE#         41
  C:2E99H         LINE#         42
  C:2EA2H         LINE#         43
  C:2EABH         LINE#         44
  C:2EB4H         LINE#         45
  C:2ED7H         LINE#         46
  C:2ED9H         LINE#         47
  -------         ENDPROC       _NVIC_TIMER1_INIT
  -------         PROC          _NVIC_TIMER2_INIT
  D:0007H         SYMBOL        State
  D:0005H         SYMBOL        Priority
  C:32DBH         LINE#         57
  C:32DBH         LINE#         58
  C:32DBH         LINE#         59
  C:32E4H         LINE#         60
  C:32EDH         LINE#         61
  C:32FAH         LINE#         62
  C:32FBH         LINE#         63
  C:32FCH         LINE#         64
  -------         ENDPROC       _NVIC_TIMER2_INIT
  -------         PROC          _NVIC_TIMER3_INIT
  D:0007H         SYMBOL        State
  D:0005H         SYMBOL        Priority
  C:32FDH         LINE#         74
  C:32FDH         LINE#         75
  C:32FDH         LINE#         76
  C:3306H         LINE#         77
  C:330FH         LINE#         78
  C:331CH         LINE#         79
  C:331DH         LINE#         80
  C:331EH         LINE#         81
  -------         ENDPROC       _NVIC_TIMER3_INIT
  -------         PROC          _NVIC_TIMER4_INIT
  D:0007H         SYMBOL        State
  D:0005H         SYMBOL        Priority
  C:3295H         LINE#         91
  C:3295H         LINE#         92
  C:3295H         LINE#         93
  C:329EH         LINE#         94
  C:32A7H         LINE#         95
  C:32B5H         LINE#         96
  C:32B6H         LINE#         97
  C:32B7H         LINE#         98
  -------         ENDPROC       _NVIC_TIMER4_INIT
  -------         PROC          _NVIC_INT0_INIT
  D:0007H         SYMBOL        State
  D:0005H         SYMBOL        Priority
  C:2EDAH         LINE#         108
  C:2EDAH         LINE#         109
  C:2EDAH         LINE#         110
  C:2EE3H         LINE#         111
  C:2EECH         LINE#         112
  C:2EF5H         LINE#         113
  C:2F18H         LINE#         114
  C:2F1AH         LINE#         115
BL51 BANKED LINKER/LOCATER V6.22.4.0                                                  12/30/2025  16:01:50  PAGE 25


  -------         ENDPROC       _NVIC_INT0_INIT
  -------         PROC          _NVIC_INT1_INIT
  D:0007H         SYMBOL        State
  D:0005H         SYMBOL        Priority
  C:2F1BH         LINE#         125
  C:2F1BH         LINE#         126
  C:2F1BH         LINE#         127
  C:2F24H         LINE#         128
  C:2F2DH         LINE#         129
  C:2F36H         LINE#         130
  C:2F59H         LINE#         131
  C:2F5BH         LINE#         132
  -------         ENDPROC       _NVIC_INT1_INIT
  -------         PROC          _NVIC_INT2_INIT
  D:0007H         SYMBOL        State
  D:0005H         SYMBOL        Priority
  C:33E6H         LINE#         142
  C:33E6H         LINE#         143
  C:33E6H         LINE#         144
  C:33EFH         LINE#         145
  C:33FBH         LINE#         146
  C:33FCH         LINE#         147
  C:33FDH         LINE#         148
  -------         ENDPROC       _NVIC_INT2_INIT
  -------         PROC          _NVIC_INT3_INIT
  D:0007H         SYMBOL        State
  D:0005H         SYMBOL        Priority
  C:33CDH         LINE#         158
  C:33CDH         LINE#         159
  C:33CDH         LINE#         160
  C:33D6H         LINE#         161
  C:33E3H         LINE#         162
  C:33E4H         LINE#         163
  C:33E5H         LINE#         164
  -------         ENDPROC       _NVIC_INT3_INIT
  -------         PROC          _NVIC_INT4_INIT
  D:0007H         SYMBOL        State
  D:0005H         SYMBOL        Priority
  C:3399H         LINE#         174
  C:3399H         LINE#         175
  C:3399H         LINE#         176
  C:33A2H         LINE#         177
  C:33B0H         LINE#         178
  C:33B1H         LINE#         179
  C:33B2H         LINE#         180
  -------         ENDPROC       _NVIC_INT4_INIT
  -------         PROC          _NVIC_ADC_INIT
  D:0007H         SYMBOL        State
  D:0005H         SYMBOL        Priority
  C:2F5CH         LINE#         190
  C:2F5CH         LINE#         191
  C:2F5CH         LINE#         192
  C:2F65H         LINE#         193
  C:2F6EH         LINE#         194
  C:2F77H         LINE#         195
  C:2F9AH         LINE#         196
  C:2F9CH         LINE#         197
BL51 BANKED LINKER/LOCATER V6.22.4.0                                                  12/30/2025  16:01:50  PAGE 26


  -------         ENDPROC       _NVIC_ADC_INIT
  -------         PROC          _NVIC_CMP_INIT
  D:0007H         SYMBOL        State
  D:0005H         SYMBOL        Priority
  C:2CF1H         LINE#         207
  C:2CF1H         LINE#         208
  C:2CF1H         LINE#         209
  C:2CFAH         LINE#         210
  C:2D03H         LINE#         211
  C:2D06H         LINE#         212
  C:2D0FH         LINE#         213
  C:2D12H         LINE#         214
  C:2D39H         LINE#         215
  C:2D3BH         LINE#         216
  -------         ENDPROC       _NVIC_CMP_INIT
  -------         PROC          _NVIC_I2C_INIT
  D:0007H         SYMBOL        Mode
  D:0005H         SYMBOL        State
  D:0003H         SYMBOL        Priority
  C:29B7H         LINE#         228
  C:29B7H         LINE#         229
  C:29B7H         LINE#         230
  C:29C0H         LINE#         231
  C:29C9H         LINE#         232
  C:29CDH         LINE#         233
  C:29CDH         LINE#         234
  C:29DDH         LINE#         235
  C:29DFH         LINE#         236
  C:29E2H         LINE#         237
  C:29E2H         LINE#         238
  C:29EAH         LINE#         239
  C:29EAH         LINE#         240
  C:2A11H         LINE#         241
  C:2A13H         LINE#         242
  -------         ENDPROC       _NVIC_I2C_INIT
  -------         PROC          _NVIC_UART1_INIT
  D:0007H         SYMBOL        State
  D:0005H         SYMBOL        Priority
  C:2F9DH         LINE#         252
  C:2F9DH         LINE#         253
  C:2F9DH         LINE#         254
  C:2FA6H         LINE#         255
  C:2FAFH         LINE#         256
  C:2FB8H         LINE#         257
  C:2FDBH         LINE#         258
  C:2FDDH         LINE#         259
  -------         ENDPROC       _NVIC_UART1_INIT
  -------         PROC          _NVIC_UART2_INIT
  D:0007H         SYMBOL        State
  D:0005H         SYMBOL        Priority
  C:2E15H         LINE#         269
  C:2E15H         LINE#         270
  C:2E15H         LINE#         271
  C:2E1EH         LINE#         272
  C:2E27H         LINE#         273
  C:2E2EH         LINE#         274
  C:2E55H         LINE#         275
BL51 BANKED LINKER/LOCATER V6.22.4.0                                                  12/30/2025  16:01:50  PAGE 27


  C:2E57H         LINE#         276
  -------         ENDPROC       _NVIC_UART2_INIT
  -------         PROC          _NVIC_UART3_INIT
  D:0007H         SYMBOL        State
  D:0005H         SYMBOL        Priority
  C:2D3CH         LINE#         286
  C:2D3CH         LINE#         287
  C:2D3CH         LINE#         288
  C:2D45H         LINE#         289
  C:2D4EH         LINE#         290
  C:2D5CH         LINE#         291
  C:2D83H         LINE#         292
  C:2D85H         LINE#         293
  -------         ENDPROC       _NVIC_UART3_INIT
  -------         PROC          _NVIC_UART4_INIT
  D:0007H         SYMBOL        State
  D:0005H         SYMBOL        Priority
  C:2D86H         LINE#         303
  C:2D86H         LINE#         304
  C:2D86H         LINE#         305
  C:2D8FH         LINE#         306
  C:2D98H         LINE#         307
  C:2DA4H         LINE#         308
  C:2DCBH         LINE#         309
  C:2DCDH         LINE#         310
  -------         ENDPROC       _NVIC_UART4_INIT
  -------         PROC          _NVIC_SPI_INIT
  D:0007H         SYMBOL        State
  D:0005H         SYMBOL        Priority
  C:2DCEH         LINE#         320
  C:2DCEH         LINE#         321
  C:2DCEH         LINE#         322
  C:2DD7H         LINE#         323
  C:2DE0H         LINE#         324
  C:2DEBH         LINE#         325
  C:2E12H         LINE#         326
  C:2E14H         LINE#         327
  -------         ENDPROC       _NVIC_SPI_INIT
  -------         PROC          _NVIC_PWM_INIT
  D:0007H         SYMBOL        Channel
  D:0005H         SYMBOL        State
  D:0003H         SYMBOL        Priority
  C:2767H         LINE#         338
  C:2767H         LINE#         339
  C:2767H         LINE#         340
  C:2770H         LINE#         341
  C:2779H         LINE#         342
  C:2781H         LINE#         343
  C:2781H         LINE#         344
  C:2781H         LINE#         345
  C:2786H         LINE#         346
  C:27AEH         LINE#         347
  C:27B0H         LINE#         349
  C:27B0H         LINE#         350
  C:27B5H         LINE#         351
  C:27DCH         LINE#         352
  C:27DEH         LINE#         354
BL51 BANKED LINKER/LOCATER V6.22.4.0                                                  12/30/2025  16:01:50  PAGE 28


  C:27DEH         LINE#         355
  C:27E3H         LINE#         356
  C:27E3H         LINE#         357
  C:27E3H         LINE#         358
  C:27E3H         LINE#         359
  C:27E5H         LINE#         360
  -------         ENDPROC       _NVIC_PWM_INIT
  -------         PROC          _NVIC_RTC_INIT
  D:0007H         SYMBOL        State
  D:0005H         SYMBOL        Priority
  C:305AH         LINE#         370
  C:305AH         LINE#         371
  C:305AH         LINE#         372
  C:308CH         LINE#         373
  C:3091H         LINE#         374
  C:3093H         LINE#         375
  -------         ENDPROC       _NVIC_RTC_INIT
  -------         ENDMOD        NVIC

  -------         MODULE        STC8H_PWM
  C:0000H         SYMBOL        _ICE_DUMMY_
  D:0080H         PUBLIC        P0
  D:0090H         PUBLIC        P1
  D:00A0H         PUBLIC        P2
  D:00B0H         PUBLIC        P3
  D:00C0H         PUBLIC        P4
  D:00C8H         PUBLIC        P5
  D:00E8H         PUBLIC        P6
  D:00F8H         PUBLIC        P7
  D:00A8H         PUBLIC        IE
  D:00B8H         PUBLIC        IP
  C:1DF3H         PUBLIC        _UpdatePwm
  D:0098H         PUBLIC        SCON
  D:0088H         PUBLIC        TCON
  C:1483H         PUBLIC        _PWM_Configuration
  D:00D0H         PUBLIC        PSW
  -------         PROC          _PWM_CONFIGURATION
  D:0005H         SYMBOL        PWM
  D:0001H         SYMBOL        PWMx
  C:1483H         LINE#         22
  C:1485H         LINE#         23
  C:1485H         LINE#         24
  C:148AH         LINE#         25
  C:148AH         LINE#         26
  C:1491H         LINE#         27
  C:1495H         LINE#         28
  C:149CH         LINE#         29
  C:14A8H         LINE#         31
  C:14B5H         LINE#         32
  C:14B5H         LINE#         33
  C:14B9H         LINE#         34
  C:14C0H         LINE#         35
  C:14C2H         LINE#         37
  C:14C2H         LINE#         38
  C:14C6H         LINE#         39
  C:14CDH         LINE#         40
  C:14CDH         LINE#         41
BL51 BANKED LINKER/LOCATER V6.22.4.0                                                  12/30/2025  16:01:50  PAGE 29


  C:14D4H         LINE#         42
  C:14D4H         LINE#         43
  C:14D8H         LINE#         44
  C:14DFH         LINE#         45
  C:14E1H         LINE#         47
  C:14E1H         LINE#         48
  C:14E5H         LINE#         49
  C:14ECH         LINE#         50
  C:14ECH         LINE#         52
  C:1501H         LINE#         54
  C:1504H         LINE#         55
  C:1504H         LINE#         57
  C:1509H         LINE#         58
  C:1509H         LINE#         59
  C:1510H         LINE#         60
  C:1514H         LINE#         61
  C:151BH         LINE#         62
  C:1527H         LINE#         64
  C:1534H         LINE#         65
  C:1534H         LINE#         66
  C:1538H         LINE#         67
  C:153FH         LINE#         68
  C:1541H         LINE#         70
  C:1541H         LINE#         71
  C:1545H         LINE#         72
  C:154CH         LINE#         73
  C:154CH         LINE#         74
  C:1553H         LINE#         75
  C:1553H         LINE#         76
  C:1557H         LINE#         77
  C:155EH         LINE#         78
  C:1560H         LINE#         80
  C:1560H         LINE#         81
  C:1564H         LINE#         82
  C:156BH         LINE#         83
  C:156BH         LINE#         85
  C:1580H         LINE#         87
  C:1583H         LINE#         88
  C:1583H         LINE#         90
  C:1588H         LINE#         91
  C:1588H         LINE#         92
  C:158FH         LINE#         93
  C:1593H         LINE#         94
  C:159AH         LINE#         95
  C:15A6H         LINE#         97
  C:15B3H         LINE#         98
  C:15B3H         LINE#         99
  C:15B7H         LINE#         100
  C:15BEH         LINE#         101
  C:15C0H         LINE#         103
  C:15C0H         LINE#         104
  C:15C4H         LINE#         105
  C:15CBH         LINE#         106
  C:15CBH         LINE#         107
  C:15D2H         LINE#         108
  C:15D2H         LINE#         109
  C:15D6H         LINE#         110
BL51 BANKED LINKER/LOCATER V6.22.4.0                                                  12/30/2025  16:01:50  PAGE 30


  C:15DDH         LINE#         111
  C:15DFH         LINE#         113
  C:15DFH         LINE#         114
  C:15E3H         LINE#         115
  C:15EAH         LINE#         116
  C:15EAH         LINE#         118
  C:15FFH         LINE#         120
  C:1602H         LINE#         121
  C:1602H         LINE#         123
  C:1607H         LINE#         124
  C:1607H         LINE#         125
  C:160EH         LINE#         126
  C:1612H         LINE#         127
  C:1619H         LINE#         128
  C:1625H         LINE#         130
  C:1632H         LINE#         131
  C:1632H         LINE#         132
  C:1636H         LINE#         133
  C:163DH         LINE#         134
  C:163FH         LINE#         136
  C:163FH         LINE#         137
  C:1643H         LINE#         138
  C:164AH         LINE#         139
  C:164AH         LINE#         140
  C:1651H         LINE#         141
  C:1651H         LINE#         142
  C:1655H         LINE#         143
  C:165CH         LINE#         144
  C:165EH         LINE#         146
  C:165EH         LINE#         147
  C:1662H         LINE#         148
  C:1669H         LINE#         149
  C:1669H         LINE#         151
  C:167EH         LINE#         153
  C:1681H         LINE#         154
  C:1681H         LINE#         156
  C:1686H         LINE#         157
  C:1686H         LINE#         163
  C:1690H         LINE#         164
  C:16A6H         LINE#         165
  C:16BCH         LINE#         166
  C:16D2H         LINE#         168
  C:16D5H         LINE#         169
  C:16D5H         LINE#         171
  C:16DAH         LINE#         172
  C:16DAH         LINE#         173
  C:16E1H         LINE#         174
  C:16E8H         LINE#         175
  C:16F4H         LINE#         177
  C:1700H         LINE#         178
  C:1700H         LINE#         179
  C:1704H         LINE#         180
  C:170BH         LINE#         181
  C:170DH         LINE#         183
  C:170DH         LINE#         184
  C:1711H         LINE#         185
  C:1718H         LINE#         186
BL51 BANKED LINKER/LOCATER V6.22.4.0                                                  12/30/2025  16:01:50  PAGE 31


  C:1718H         LINE#         188
  C:172DH         LINE#         190
  C:1730H         LINE#         191
  C:1730H         LINE#         193
  C:1735H         LINE#         194
  C:1735H         LINE#         195
  C:173CH         LINE#         196
  C:1743H         LINE#         197
  C:174FH         LINE#         199
  C:175BH         LINE#         200
  C:175BH         LINE#         201
  C:175FH         LINE#         202
  C:1766H         LINE#         203
  C:1768H         LINE#         205
  C:1768H         LINE#         206
  C:176CH         LINE#         207
  C:1773H         LINE#         208
  C:1773H         LINE#         210
  C:1788H         LINE#         212
  C:178BH         LINE#         213
  C:178BH         LINE#         215
  C:1790H         LINE#         216
  C:1790H         LINE#         217
  C:1797H         LINE#         218
  C:179EH         LINE#         219
  C:17AAH         LINE#         221
  C:17B6H         LINE#         222
  C:17B6H         LINE#         223
  C:17BAH         LINE#         224
  C:17C1H         LINE#         225
  C:17C3H         LINE#         227
  C:17C3H         LINE#         228
  C:17C7H         LINE#         229
  C:17CEH         LINE#         230
  C:17CEH         LINE#         232
  C:17E3H         LINE#         234
  C:17E5H         LINE#         235
  C:17E5H         LINE#         237
  C:17EAH         LINE#         238
  C:17EAH         LINE#         239
  C:17F1H         LINE#         240
  C:17F8H         LINE#         241
  C:1804H         LINE#         243
  C:1810H         LINE#         244
  C:1810H         LINE#         245
  C:1814H         LINE#         246
  C:181BH         LINE#         247
  C:181DH         LINE#         249
  C:181DH         LINE#         250
  C:1821H         LINE#         251
  C:1828H         LINE#         252
  C:1828H         LINE#         254
  C:183EH         LINE#         256
  C:1841H         LINE#         257
  C:1841H         LINE#         259
  C:1846H         LINE#         260
  C:1846H         LINE#         266
BL51 BANKED LINKER/LOCATER V6.22.4.0                                                  12/30/2025  16:01:50  PAGE 32


  C:1850H         LINE#         267
  C:1863H         LINE#         268
  C:1879H         LINE#         269
  C:188FH         LINE#         271
  C:1892H         LINE#         272
  C:1892H         LINE#         274
  C:1894H         LINE#         275
  -------         ENDPROC       _PWM_CONFIGURATION
  -------         PROC          _UPDATEPWM
  D:0007H         SYMBOL        PWM
  D:0001H         SYMBOL        PWMx
  C:1DF3H         LINE#         284
  C:1DF3H         LINE#         285
  C:1DF3H         LINE#         286
  C:1E31H         LINE#         287
  C:1E31H         LINE#         288
  C:1E31H         LINE#         289
  C:1E3BH         LINE#         290
  C:1E3EH         LINE#         292
  C:1E3EH         LINE#         293
  C:1E4BH         LINE#         294
  C:1E4EH         LINE#         296
  C:1E4EH         LINE#         297
  C:1E5BH         LINE#         298
  C:1E5EH         LINE#         300
  C:1E5EH         LINE#         301
  C:1E6BH         LINE#         302
  C:1E6EH         LINE#         304
  C:1E6EH         LINE#         305
  C:1E7BH         LINE#         306
  C:1E7EH         LINE#         308
  C:1E7EH         LINE#         309
  C:1E8BH         LINE#         310
  C:1E8EH         LINE#         312
  C:1E8EH         LINE#         313
  C:1E9BH         LINE#         314
  C:1E9EH         LINE#         316
  C:1E9EH         LINE#         317
  C:1EABH         LINE#         318
  C:1EAEH         LINE#         320
  C:1EAEH         LINE#         321
  C:1EBEH         LINE#         322
  C:1ED1H         LINE#         323
  C:1EE4H         LINE#         324
  C:1EF1H         LINE#         325
  C:1EF3H         LINE#         327
  C:1EF3H         LINE#         328
  C:1F06H         LINE#         329
  C:1F19H         LINE#         330
  C:1F2CH         LINE#         331
  C:1F3FH         LINE#         332
  C:1F3FH         LINE#         333
  C:1F3FH         LINE#         334
  -------         ENDPROC       _UPDATEPWM
  -------         ENDMOD        STC8H_PWM

  -------         MODULE        STC8H_PWM_ISR
BL51 BANKED LINKER/LOCATER V6.22.4.0                                                  12/30/2025  16:01:50  PAGE 33


  C:0000H         SYMBOL        _ICE_DUMMY_
  D:0080H         PUBLIC        P0
  D:0090H         PUBLIC        P1
  D:00A0H         PUBLIC        P2
[...]
  X:0444H         PUBLIC        V_NUM
  C:31D8H         PUBLIC        get_bat_v
  D:0098H         PUBLIC        SCON
  D:0088H         PUBLIC        TCON
  C:3340H         PUBLIC        bat_adc_init
  C:3442H         PUBLIC        bat_gpio_init
  C:35CAH         PUBLIC        bat_all_init
  D:00D0H         PUBLIC        PSW
  -------         PROC          BAT_GPIO_INIT
  -------         DO            
  X:02D4H         SYMBOL        bat_gpio
  -------         ENDDO         
  C:3442H         LINE#         4
  C:3442H         LINE#         6
  C:3448H         LINE#         7
  C:344CH         LINE#         9
  -------         ENDPROC       BAT_GPIO_INIT
  -------         PROC          BAT_ADC_INIT
  -------         DO            
  X:02D4H         SYMBOL        bat_adc
  -------         ENDDO         
  C:3340H         LINE#         12
  C:3340H         LINE#         15
  C:3346H         LINE#         16
  C:3349H         LINE#         17
  C:334CH         LINE#         18
  C:334FH         LINE#         19
  C:3352H         LINE#         21
  C:335AH         LINE#         23
  -------         ENDPROC       BAT_ADC_INIT
  -------         PROC          BAT_ALL_INIT
  C:35CAH         LINE#         26
  C:35CAH         LINE#         27
  C:35CDH         LINE#         28
  -------         ENDPROC       BAT_ALL_INIT
  -------         PROC          GET_BAT_V
  C:31D8H         LINE#         30
  C:31D8H         LINE#         31
  -------         ENDPROC       GET_BAT_V
  -------         ENDMOD        BAT

  -------         MODULE        TRACK
  C:0000H         SYMBOL        _ICE_DUMMY_
  D:0080H         PUBLIC        P0
  D:0090H         PUBLIC        P1
  D:00A0H         PUBLIC        P2
  D:00B0H         PUBLIC        P3
  D:00C0H         PUBLIC        P4
  D:00C8H         PUBLIC        P5
  D:00E8H         PUBLIC        P6
  D:00F8H         PUBLIC        P7
  D:00A8H         PUBLIC        IE
  D:00B8H         PUBLIC        IP
BL51 BANKED LINKER/LOCATER V6.22.4.0                                                  12/30/2025  16:01:50  PAGE 48


  C:24D3H         PUBLIC        track_scan
  B:0080H.1       PUBLIC        P01
  B:0080H.2       PUBLIC        P02
  B:0080H.3       PUBLIC        P03
  D:0098H         PUBLIC        SCON
  B:0080H.4       PUBLIC        P04
  D:0088H         PUBLIC        TCON
  C:3480H         PUBLIC        track_gpio_init
  D:00D0H         PUBLIC        PSW
  -------         PROC          TRACK_GPIO_INIT
  -------         DO            
  X:02D4H         SYMBOL        track_gpio
  -------         ENDDO         
  C:3480H         LINE#         3
  C:3480H         LINE#         5
  C:3485H         LINE#         6
  C:3489H         LINE#         7
  -------         ENDPROC       TRACK_GPIO_INIT
  -------         PROC          TRACK_SCAN
  -------         DO            
  X:03DCH         SYMBOL        sum
  X:03DEH         SYMBOL        cnt
  -------         ENDDO         
  C:24D3H         LINE#         10
  C:24D3H         LINE#         12
  C:24DAH         LINE#         13
  C:24DEH         LINE#         14
  C:24FDH         LINE#         15
  C:251CH         LINE#         16
  C:252DH         LINE#         17
  C:254CH         LINE#         19
  C:257EH         LINE#         20
  C:258CH         LINE#         21
  C:2597H         LINE#         22
  -------         ENDPROC       TRACK_SCAN
  -------         ENDMOD        TRACK

  -------         MODULE        ULTRASONIC
  C:0000H         SYMBOL        _ICE_DUMMY_
  D:0080H         PUBLIC        P0
  D:0090H         PUBLIC        P1
  D:00A0H         PUBLIC        P2
  D:00B0H         PUBLIC        P3
  D:00C0H         PUBLIC        P4
  D:00C8H         PUBLIC        P5
  D:00E8H         PUBLIC        P6
  D:00F8H         PUBLIC        P7
  D:00A8H         PUBLIC        IE
  D:00B8H         PUBLIC        IP
  D:0098H         PUBLIC        SCON
  D:0088H         PUBLIC        TCON
  B:00B0H.3       PUBLIC        P33
  B:00C0H.7       PUBLIC        P47
  C:35BDH         PUBLIC        Delay10us
  C:27E6H         PUBLIC        ultrasonic_get
  C:324CH         PUBLIC        gpio_ultrasonic_init
  D:00D0H         PUBLIC        PSW
BL51 BANKED LINKER/LOCATER V6.22.4.0                                                  12/30/2025  16:01:50  PAGE 49


  -------         PROC          GPIO_ULTRASONIC_INIT
  -------         DO            
  X:02D4H         SYMBOL        echo_gpio
  X:02D6H         SYMBOL        trig_gpio
  -------         ENDDO         
  C:324CH         LINE#         3
  C:324CH         LINE#         7
  C:3251H         LINE#         8
  C:3255H         LINE#         9
  C:3258H         LINE#         10
  C:325CH         LINE#         12
  C:3267H         LINE#         13
  -------         ENDPROC       GPIO_ULTRASONIC_INIT
  -------         PROC          DELAY10US
  -------         DO            
  D:000EH         SYMBOL        i
  -------         ENDDO         
  C:35BDH         LINE#         16
  C:35BDH         LINE#         17
  C:35BDH         LINE#         20
  C:35C0H         LINE#         21
  C:35C3H         LINE#         22
  -------         ENDPROC       DELAY10US
  -------         PROC          ULTRASONIC_GET
  -------         DO            
  X:0432H         SYMBOL        i
  X:0433H         SYMBOL        cnt
  X:0434H         SYMBOL        curr_dis
  -------         ENDDO         
  C:27E6H         LINE#         25
  C:27E6H         LINE#         26
  C:27ECH         LINE#         27
  C:27EFH         LINE#         28
  C:27F7H         LINE#         29
  C:27F9H         LINE#         30
  C:27FCH         LINE#         31
  C:27FEH         LINE#         35
  C:2805H         LINE#         36
  C:2808H         LINE#         38
  C:280BH         LINE#         39
  C:2811H         LINE#         40
  C:2813H         LINE#         41
  C:2833H         LINE#         43
  C:2850H         LINE#         44
  C:285EH         LINE#         46
  -------         ENDPROC       ULTRASONIC_GET
  -------         ENDMOD        ULTRASONIC

  -------         MODULE        USER_UART
  C:0000H         SYMBOL        _ICE_DUMMY_
  D:0080H         PUBLIC        P0
  D:0090H         PUBLIC        P1
  D:00A0H         PUBLIC        P2
  D:00B0H         PUBLIC        P3
  D:00C0H         PUBLIC        P4
  D:00C8H         PUBLIC        P5
  D:00E8H         PUBLIC        P6
BL51 BANKED LINKER/LOCATER V6.22.4.0                                                  12/30/2025  16:01:50  PAGE 50


  D:00F8H         PUBLIC        P7
  D:00A2H         PUBLIC        P_SW1
  D:00A8H         PUBLIC        IE
  C:35D0H         PUBLIC        user_uart_all_init
  D:00B8H         PUBLIC        IP
  D:0098H         PUBLIC        SCON
  D:0088H         PUBLIC        TCON
  C:34F4H         PUBLIC        uart_gpio_init
  C:30FDH         PUBLIC        user_uart_init
  D:00D0H         PUBLIC        PSW
  -------         PROC          UART_GPIO_INIT
  -------         DO            
  X:02D4H         SYMBOL        uart_gpio
  -------         ENDDO         
  C:34F4H         LINE#         5
  C:34F4H         LINE#         8
  C:34F9H         LINE#         9
  C:34FDH         LINE#         11
  -------         ENDPROC       UART_GPIO_INIT
  -------         PROC          USER_UART_INIT
  -------         DO            
  X:02D4H         SYMBOL        user_uart
  -------         ENDDO         
  C:30FDH         LINE#         16
  C:30FDH         LINE#         20
  C:3103H         LINE#         21
  C:3107H         LINE#         22
  C:310FH         LINE#         25
  C:3114H         LINE#         26
  C:3117H         LINE#         27
  C:311AH         LINE#         29
  C:3125H         LINE#         32
  C:312CH         LINE#         35
  C:312FH         LINE#         36
  -------         ENDPROC       USER_UART_INIT
  -------         PROC          USER_UART_ALL_INIT
  C:35D0H         LINE#         38
  C:35D0H         LINE#         39
  C:35D3H         LINE#         40
  -------         ENDPROC       USER_UART_ALL_INIT
  -------         ENDMOD        USER_UART

  -------         MODULE        BUZZER
  C:0000H         SYMBOL        _ICE_DUMMY_
  D:0080H         PUBLIC        P0
  D:0090H         PUBLIC        P1
  D:00A0H         PUBLIC        P2
  D:00B0H         PUBLIC        P3
  D:00C0H         PUBLIC        P4
  D:00C8H         PUBLIC        P5
  D:00E8H         PUBLIC        P6
  D:00F8H         PUBLIC        P7
  C:3187H         PUBLIC        _updata_buzzer
  D:00A8H         PUBLIC        IE
  D:00B8H         PUBLIC        IP
  D:0098H         PUBLIC        SCON
  D:0088H         PUBLIC        TCON
BL51 BANKED LINKER/LOCATER V6.22.4.0                                                  12/30/2025  16:01:50  PAGE 51


  C:008EH         PUBLIC        buzzer_start
  C:3457H         PUBLIC        buzzer_init
  C:35D6H         PUBLIC        buzzer_stop
  C:301CH         PUBLIC        buzzer_pwm_init
  D:00D0H         PUBLIC        PSW
  -------         PROC          BUZZER_INIT
  -------         DO            
  X:02D4H         SYMBOL        buzzer_gpio
  -------         ENDDO         
  C:3457H         LINE#         3
  C:3457H         LINE#         5
  C:345DH         LINE#         6
  C:3461H         LINE#         7
  -------         ENDPROC       BUZZER_INIT
  -------         PROC          BUZZER_PWM_INIT
  -------         DO            
  X:02D4H         SYMBOL        buzzer_pwm
  -------         ENDDO         
  C:301CH         LINE#         11
  C:301CH         LINE#         13
  C:3022H         LINE#         15
  C:302AH         LINE#         16
  C:302FH         LINE#         17
  C:3031H         LINE#         18
  C:3035H         LINE#         19
  C:3039H         LINE#         20
  C:303BH         LINE#         22
  C:3045H         LINE#         23
  C:3050H         LINE#         26
  C:3059H         LINE#         27
  -------         ENDPROC       BUZZER_PWM_INIT
  -------         PROC          _UPDATA_BUZZER
  D:0007H         SYMBOL        num
  -------         DO            
  X:03A8H         SYMBOL        buzzer_duty
  -------         ENDDO         
  C:3187H         LINE#         30
  C:3187H         LINE#         34
  C:31A5H         LINE#         35
  -------         ENDPROC       _UPDATA_BUZZER
  -------         PROC          BUZZER_START
  C:008EH         LINE#         38
  C:008EH         LINE#         39
  -------         ENDPROC       BUZZER_START
  -------         PROC          BUZZER_STOP
  C:35D6H         LINE#         42
  C:35D6H         LINE#         43
  -------         ENDPROC       BUZZER_STOP
  -------         ENDMOD        BUZZER

  -------         MODULE        KEY
  C:0000H         SYMBOL        _ICE_DUMMY_
  D:0080H         PUBLIC        P0
  D:0090H         PUBLIC        P1
  D:00A0H         PUBLIC        P2
  D:00B0H         PUBLIC        P3
  D:00C0H         PUBLIC        P4
BL51 BANKED LINKER/LOCATER V6.22.4.0                                                  12/30/2025  16:01:50  PAGE 52


  D:00C8H         PUBLIC        P5
  D:00E8H         PUBLIC        P6
  D:00F8H         PUBLIC        P7
  D:00A8H         PUBLIC        IE
  D:00B8H         PUBLIC        IP
  D:0098H         PUBLIC        SCON
  D:0088H         PUBLIC        TCON
  B:0080H.5       PUBLIC        P05
  C:335FH         PUBLIC        key_scan
  C:3494H         PUBLIC        key_init
  X:044CH         PUBLIC        key_last_state
  D:00D0H         PUBLIC        PSW
  -------         PROC          KEY_INIT
  -------         DO            
  X:02D4H         SYMBOL        key_GPIO
  -------         ENDDO         
  C:3494H         LINE#         3
  C:3494H         LINE#         6
  C:3499H         LINE#         7
  C:349DH         LINE#         9
  -------         ENDPROC       KEY_INIT
  -------         PROC          KEY_SCAN
  C:335FH         LINE#         17
  C:335FH         LINE#         21
  C:3368H         LINE#         23
  C:336AH         LINE#         24
  C:336DH         LINE#         27
  C:3377H         LINE#         28
  C:3379H         LINE#         29
  C:337CH         LINE#         30
  C:337CH         LINE#         32
  -------         ENDPROC       KEY_SCAN
  -------         ENDMOD        KEY

  -------         MODULE        LED
  C:0000H         SYMBOL        _ICE_DUMMY_
  D:0080H         PUBLIC        P0
  D:0090H         PUBLIC        P1
  D:00A0H         PUBLIC        P2
  D:00B0H         PUBLIC        P3
  D:00C0H         PUBLIC        P4
  D:00C8H         PUBLIC        P5
  D:00E8H         PUBLIC        P6
  D:00F8H         PUBLIC        P7
  D:00A8H         PUBLIC        IE
  D:00B8H         PUBLIC        IP
  C:33B3H         PUBLIC        led_blink
  D:0098H         PUBLIC        SCON
  D:0088H         PUBLIC        TCON
  B:00C8H.2       PUBLIC        P52
  B:0080H.7       PUBLIC        P07
  C:31FFH         PUBLIC        led_init
  C:35E0H         PUBLIC        led_off
  C:35DBH         PUBLIC        led_on
  D:00D0H         PUBLIC        PSW
  -------         PROC          LED_INIT
  -------         DO            
BL51 BANKED LINKER/LOCATER V6.22.4.0                                                  12/30/2025  16:01:50  PAGE 53


  X:02D4H         SYMBOL        LEDL_GPIO
  X:02D6H         SYMBOL        LEDR_GPIO
  -------         ENDDO         
  C:31FFH         LINE#         6
  C:31FFH         LINE#         10
  C:3205H         LINE#         11
  C:3209H         LINE#         13
  C:320DH         LINE#         14
  C:3210H         LINE#         16
  C:321BH         LINE#         17
  -------         ENDPROC       LED_INIT
  -------         PROC          LED_ON
  C:35DBH         LINE#         20
  C:35DBH         LINE#         21
  C:35DDH         LINE#         22
  C:35DFH         LINE#         23
  -------         ENDPROC       LED_ON
  -------         PROC          LED_OFF
  C:35E0H         LINE#         24
  C:35E0H         LINE#         25
  C:35E2H         LINE#         26
  C:35E4H         LINE#         27
  -------         ENDPROC       LED_OFF
  -------         PROC          LED_BLINK
  C:33B3H         LINE#         28
  C:33B3H         LINE#         29
  C:33B6H         LINE#         30
  C:33BBH         LINE#         31
  C:33C0H         LINE#         32
  C:33C3H         LINE#         33
  C:33C8H         LINE#         34
  -------         ENDPROC       LED_BLINK
  -------         ENDMOD        LED

  -------         MODULE        ?C?FPADD
  C:009DH         PUBLIC        ?C?FPADD
  C:0099H         PUBLIC        ?C?FPSUB
  -------         ENDMOD        ?C?FPADD

  -------         MODULE        ?C?FPMUL
  C:018EH         PUBLIC        ?C?FPMUL
  -------         ENDMOD        ?C?FPMUL

  -------         MODULE        ?C?FPDIV
  C:0297H         PUBLIC        ?C?FPDIV
  -------         ENDMOD        ?C?FPDIV

  -------         MODULE        ?C?FPCMP
  C:0336H         PUBLIC        ?C?FPCMP
  C:0334H         PUBLIC        ?C?FPCMP3
  -------         ENDMOD        ?C?FPCMP

  -------         MODULE        ?C?FPNEG
  C:03ADH         PUBLIC        ?C?FPNEG
  -------         ENDMOD        ?C?FPNEG

  -------         MODULE        ?C?FCAST
BL51 BANKED LINKER/LOCATER V6.22.4.0                                                  12/30/2025  16:01:50  PAGE 54


  C:03C8H         PUBLIC        ?C?FCASTC
  C:03C3H         PUBLIC        ?C?FCASTI
  C:03BEH         PUBLIC        ?C?FCASTL
  -------         ENDMOD        ?C?FCAST

  -------         MODULE        ?C?CASTF
  C:03FCH         PUBLIC        ?C?CASTF
  -------         ENDMOD        ?C?CASTF

  -------         MODULE        PRINTF
  X:0402H         PUBLIC        ?_PRINTF?BYTE
  X:0402H         PUBLIC        ?_SPRINTF?BYTE
  C:106BH         PUBLIC        _PRINTF
  C:1065H         PUBLIC        _SPRINTF
  -------         ENDMOD        PRINTF

  -------         MODULE        ?C?FPROUND
  C:047DH         PUBLIC        ?C?FPROUND
  -------         ENDMOD        ?C?FPROUND

  -------         MODULE        ?C?FPCONVERT
  C:04BAH         PUBLIC        ?C?FPCONVERT
  -------         ENDMOD        ?C?FPCONVERT

  -------         MODULE        ?C?FTNPWR
  C:05EFH         PUBLIC        ?C?FTNPWR
  -------         ENDMOD        ?C?FTNPWR

  -------         MODULE        ?C?CLDPTR
  C:062FH         PUBLIC        ?C?CLDPTR
  -------         ENDMOD        ?C?CLDPTR

  -------         MODULE        ?C?CLDOPTR
  C:0648H         PUBLIC        ?C?CLDOPTR
  -------         ENDMOD        ?C?CLDOPTR

  -------         MODULE        ?C?CSTPTR
  C:0675H         PUBLIC        ?C?CSTPTR
  -------         ENDMOD        ?C?CSTPTR

  -------         MODULE        ?C?UIDIV
  C:0687H         PUBLIC        ?C?UIDIV
  -------         ENDMOD        ?C?UIDIV

  -------         MODULE        ?C?SIDIV
  C:06DCH         PUBLIC        ?C?SIDIV
  -------         ENDMOD        ?C?SIDIV

  -------         MODULE        ?C?ILDPTR
  C:0712H         PUBLIC        ?C?ILDPTR
  -------         ENDMOD        ?C?ILDPTR

  -------         MODULE        ?C?ILDOPTR
  C:073DH         PUBLIC        ?C?ILDOPTR
  -------         ENDMOD        ?C?ILDOPTR

  -------         MODULE        ?C?LMUL
BL51 BANKED LINKER/LOCATER V6.22.4.0                                                  12/30/2025  16:01:50  PAGE 55


  C:0775H         PUBLIC        ?C?LMUL
  -------         ENDMOD        ?C?LMUL

  -------         MODULE        ?C?ULDIV
  C:0800H         PUBLIC        ?C?ULDIV
  -------         ENDMOD        ?C?ULDIV

  -------         MODULE        ?C?SLDIV
  C:0046H         PUBLIC        ?C?SLDIV
  -------         ENDMOD        ?C?SLDIV

  -------         MODULE        ?C?LNEG
  C:0892H         PUBLIC        ?C?LNEG
  -------         ENDMOD        ?C?LNEG

  -------         MODULE        ?C?ULCMP
  C:08A0H         PUBLIC        ?C?ULCMP
  -------         ENDMOD        ?C?ULCMP

  -------         MODULE        ?C?ULSHR
  C:08B1H         PUBLIC        ?C?ULSHR
  -------         ENDMOD        ?C?ULSHR

  -------         MODULE        ?C?LLDOPTR0
  C:08C4H         PUBLIC        ?C?LLDOPTR0
  -------         ENDMOD        ?C?LLDOPTR0

  -------         MODULE        ?C?LSTXDATA
  C:08F4H         PUBLIC        ?C?LSTXDATA
  -------         ENDMOD        ?C?LSTXDATA

  -------         MODULE        ?C?LSTKXDATA
  C:0900H         PUBLIC        ?C?LSTKXDATA
  -------         ENDMOD        ?C?LSTKXDATA

  -------         MODULE        ?C?PLDIXDATA
  C:0931H         PUBLIC        ?C?PLDIXDATA
  -------         ENDMOD        ?C?PLDIXDATA

  -------         MODULE        ?C?PSTXDATA
  C:0948H         PUBLIC        ?C?PSTXDATA
  -------         ENDMOD        ?C?PSTXDATA

  -------         MODULE        ?C?CCASE
  C:0951H         PUBLIC        ?C?CCASE
  -------         ENDMOD        ?C?CCASE

  -------         MODULE        ?C?LLDIDATA0
  C:0977H         PUBLIC        ?C?LLDIDATA0
  -------         ENDMOD        ?C?LLDIDATA0

  -------         MODULE        ?C?LLDXDATA0
  C:0984H         PUBLIC        ?C?LLDXDATA0
  -------         ENDMOD        ?C?LLDXDATA0

  -------         MODULE        ?C?LLDPDATA0
  C:0990H         PUBLIC        ?C?LLDPDATA0
BL51 BANKED LINKER/LOCATER V6.22.4.0                                                  12/30/2025  16:01:50  PAGE 56


  -------         ENDMOD        ?C?LLDPDATA0

  -------         MODULE        ?C?LLDCODE0
  C:099DH         PUBLIC        ?C?LLDCODE0
  -------         ENDMOD        ?C?LLDCODE0

Program Size: data=67.6 xdata=1101 code=13804
LINK/LOCATE RUN COMPLETE.  0 WARNING(S),  0 ERROR(S)
